// Jest Snapshot v1, https://goo.gl/fbAQLP

exports[`DeviceDemographics renders 1`] = `
<DocumentFragment>
  <ul
    class="usa-card-group grid-row desktop:grid-gap-2 card:padding-x-1 desktop:padding-x-0"
  >
    <li
      class="usa-card desktop:grid-col-4 card:padding-bottom-2 desktop:padding-bottom-0"
    >
      <div
        class="usa-card__container height-auto"
      >
        <ul
          class="usa-card-group grid-row padding-0 bg-light-gray"
        >
          <li
            class="usa-card grid-col-12"
          >
            <div
              class="usa-card__container padding-105 margin-0 border-0 height-auto"
            >
              <div
                class="grid-row"
              >
                <div
                  class="chart__title display-flex card:grid-col-12 mobile-lg:grid-col-7 card:flex-justify-center mobile-lg:flex-justify-start card:padding-bottom-105 mobile-lg:padding-bottom-0"
                >
                  <a
                    href="/definitions#dimension_device_category"
                  >
                    <span
                      class="usa-tooltip"
                    >
                      <span
                        aria-describedby="tooltip-550000"
                        class="usa-tooltip__trigger"
                        data-position="top"
                        tabindex="0"
                      >
                        Devices
                      </span>
                      <span
                        aria-hidden="true"
                        class="usa-tooltip__body"
                        id="tooltip-550000"
                        role="tooltip"
                      >
                        The type category of the device used by the user to access the site or application.
                      </span>
                    </span>
                  </a>
                  <a
                    aria-label="devices-yesterday.csv"
                    href="http://www.example.com/data//devices-yesterday.csv"
                  >
                    <svg
                      aria-hidden="true"
                      class="usa-icon margin-bottom-neg-05 margin-left-05"
                      focusable="false"
                      role="img"
                    >
                      <use
                        xlink:href="/assets/uswds/img/sprite.svg#file_present"
                      />
                    </svg>
                  </a>
                </div>
                <div
                  class="card:grid-col-12 mobile-lg:grid-col-5"
                >
                  <div
                    class="display-flex card:flex-justify-center mobile-lg:flex-justify-end"
                  >
                    <select
                      aria-label="devices chart time filter"
                      class="usa-select chart__filter margin-top-0"
                    >
                      <option
                        value="devices-yesterday"
                      >
                        Yesterday
                      </option>
                      <option
                        value="devices-7-days"
                      >
                        7 Days
                      </option>
                      <option
                        value="devices-30-days"
                      >
                        30 Days
                      </option>
                      <option
                        value="devices-90-days"
                      >
                        90 Days
                      </option>
                    </select>
                  </div>
                </div>
              </div>
              <figure
                id="chart_device_types"
              >
                <div
                  class="data chart__bar-chart text--capitalize margin-top-2"
                />
              </figure>
            </div>
          </li>
          <li
            class="usa-card grid-col-12 padding-top-2"
          >
            <div
              class="usa-card__container padding-105 margin-0 border-0 height-auto"
            >
              <div
                class="chart__title"
              >
                <a
                  href="/definitions#dimension_screen_resolution"
                >
                  <span
                    class="usa-tooltip"
                  >
                    <span
                      aria-describedby="tooltip-550000"
                      class="usa-tooltip__trigger"
                      data-position="top"
                      tabindex="0"
                    >
                      Top Screen Resolutions
                    </span>
                    <span
                      aria-hidden="true"
                      class="usa-tooltip__body"
                      id="tooltip-550000"
                      role="tooltip"
                    >
                      The width and height (in pixels) of the screen from which user activity originates.
                    </span>
                  </span>
                </a>
                <a
                  aria-label="screen-resolution-30-days.csv"
                  href="http://www.example.com/data//screen-resolution-30-days.csv"
                >
                  <svg
                    aria-hidden="true"
                    class="usa-icon margin-bottom-neg-05 margin-left-05"
                    focusable="false"
                    role="img"
                  >
                    <use
                      xlink:href="/assets/uswds/img/sprite.svg#file_present"
                    />
                  </svg>
                </a>
              </div>
              <div
                class="text--capitalize"
              >
                <figure
                  id="chart_screen_resolution"
                >
                  <div
                    class="data chart__bar-chart margin-top-2"
                  />
                </figure>
              </div>
            </div>
          </li>
        </ul>
      </div>
    </li>
    <li
      class="usa-card desktop:grid-col-4 card:padding-bottom-2 desktop:padding-bottom-0"
    >
      <div
        class="usa-card__container padding-105 margin-0 border-0 height-auto"
      >
        <div
          class="grid-row"
        >
          <div
            class="chart__title display-flex card:grid-col-12 mobile-lg:grid-col-7 card:flex-justify-center mobile-lg:flex-justify-start card:padding-bottom-105 mobile-lg:padding-bottom-0"
          >
            <a
              href="/definitions#dimension_browser"
            >
              <span
                class="usa-tooltip"
              >
                <span
                  aria-describedby="tooltip-550000"
                  class="usa-tooltip__trigger"
                  data-position="top"
                  tabindex="0"
                >
                  Web Browsers
                </span>
                <span
                  aria-hidden="true"
                  class="usa-tooltip__body"
                  id="tooltip-550000"
                  role="tooltip"
                >
                  The name of the web browser used by the user to access the site.
                </span>
              </span>
            </a>
            <a
              aria-label="browsers-yesterday.csv"
              href="http://www.example.com/data//browsers-yesterday.csv"
            >
              <svg
                aria-hidden="true"
                class="usa-icon margin-bottom-neg-05 margin-left-05"
                focusable="false"
                role="img"
              >
                <use
                  xlink:href="/assets/uswds/img/sprite.svg#file_present"
                />
              </svg>
            </a>
          </div>
          <div
            class="card:grid-col-12 mobile-lg:grid-col-5"
          >
            <div
              class="display-flex card:flex-justify-center mobile-lg:flex-justify-end"
            >
              <select
                aria-label="browsers chart time filter"
                class="usa-select chart__filter margin-top-0"
              >
                <option
                  value="browsers-yesterday"
                >
                  Yesterday
                </option>
                <option
                  value="browsers-7-days"
                >
                  7 Days
                </option>
                <option
                  value="browsers-30-days"
                >
                  30 Days
                </option>
                <option
                  value="browsers-90-days"
                >
                  90 Days
                </option>
              </select>
            </div>
          </div>
        </div>
        <figure
          id="chart_browsers"
        >
          <div
            class="data chart__bar-chart text--capitalize margin-top-2"
          />
        </figure>
      </div>
    </li>
    <li
      class="usa-card desktop:grid-col-4"
    >
      <div
        class="usa-card__container padding-105 margin-0 border-0 height-auto"
      >
        <div
          class="padding-0"
        >
          <div
            class="chart__title"
          >
            <a
              href="/definitions#dimension_operating_system"
            >
              <span
                class="usa-tooltip"
              >
                <span
                  aria-describedby="tooltip-550000"
                  class="usa-tooltip__trigger"
                  data-position="top"
                  tabindex="0"
                >
                  Operating Systems
                </span>
                <span
                  aria-hidden="true"
                  class="usa-tooltip__body"
                  id="tooltip-550000"
                  role="tooltip"
                >
                  The name of the operating system used by the user's device.
                </span>
              </span>
            </a>
            <a
              aria-label="os.csv"
              href="http://www.example.com/data//os.csv"
            >
              <svg
                aria-hidden="true"
                class="usa-icon margin-bottom-neg-05 margin-left-05"
                focusable="false"
                role="img"
              >
                <use
                  xlink:href="/assets/uswds/img/sprite.svg#file_present"
                />
              </svg>
            </a>
          </div>
          <figure
            id="chart_os"
          >
            <div
              class="data chart__bar-chart text--capitalize margin-top-2"
            />
          </figure>
          <figure
            class="hide chart__bar-chart__nested grid-col-12"
            data-scale-to-parent="true"
            id="chart_windows"
          >
            <div
              class="data chart__bar-chart text--capitalize"
            />
          </figure>
        </div>
      </div>
    </li>
  </ul>
</DocumentFragment>
`;
