// Jest Snapshot v1, https://goo.gl/fbAQLP

exports[`Engagement renders 1`] = `
<DocumentFragment>
  <section
    class="desktop:grid-col-6"
    id="average_engagement_time"
  >
    <div
      class="grid-row"
    >
      <h4
        class="grid-col-12"
      >
        <a
          href="/definitions#report_historical_average_engagement_time"
        >
          Average Engagement Time Per Session
        </a>
      </h4>
    </div>
    <div
      class="grid-row"
    >
      <span
        class="grid-col-12"
      >
        <div>
          <div
            class="data"
          />
        </div>
      </span>
    </div>
  </section>
  <section
    class="desktop:grid-col-6"
    id="engagement_rate"
  >
    <div
      class="grid-row"
    >
      <h4
        class="grid-col-12"
      >
        <a
          href="/definitions#report_historical_engagement_rate"
        >
          Percent of Engaged Sessions
        </a>
      </h4>
    </div>
    <div
      class="grid-row"
    >
      <span
        class="data grid-col-12"
      >
        <div>
          <div
            class="data"
          />
        </div>
      </span>
    </div>
  </section>
</DocumentFragment>
`;
