// Jest Snapshot v1, https://goo.gl/fbAQLP

exports[`Engagement renders 1`] = `
<DocumentFragment>
  <div
    class="grid-row"
  >
    <div
      class="grid-col-12 desktop:grid-col-6 padding-2 text-center"
      id="average_engagement_time"
    >
      <a
        class="chart__title"
        href="/definitions#report_historical_average_engagement_time"
      >
        Average Engagement Time Per Session
      </a>
      <div>
        <div
          class="data chart__rate padding-top-05"
        />
      </div>
    </div>
    <div
      class="grid-col-12 desktop:grid-col-6 padding-2 text-center"
      id="engagement_rate"
    >
      <a
        class="chart__title"
        href="/definitions#report_historical_engagement_rate"
      >
        Percent of Engaged Sessions
      </a>
      <div>
        <div
          class="data chart__rate padding-top-05"
        />
      </div>
    </div>
  </div>
</DocumentFragment>
`;
