// Jest Snapshot v1, https://goo.gl/fbAQLP

exports[`TopChannels when data is loaded renders a component with data loaded 1`] = `
<DocumentFragment>
  <figure
    id="chart_session_channel_group"
  >
    <div
      class="data bar-chart"
    >
      <div
        class="bin"
      >
        <div
          class="label"
        >
          Organic Search
        </div>
        <div
          class="value"
        >
          51.6%
        </div>
        <div
          class="bar"
          style="width: 51.6%;"
        />
      </div>
      <div
        class="bin"
      >
        <div
          class="label"
        >
          Direct
        </div>
        <div
          class="value"
        >
          43.8%
        </div>
        <div
          class="bar"
          style="width: 43.8%;"
        />
      </div>
      <div
        class="bin"
      >
        <div
          class="label"
        >
          Paid Search
        </div>
        <div
          class="value"
        >
          1.6%
        </div>
        <div
          class="bar"
          style="width: 1.6%;"
        />
      </div>
      <div
        class="bin"
      >
        <div
          class="label"
        >
          Email
        </div>
        <div
          class="value"
        >
          1.5%
        </div>
        <div
          class="bar"
          style="width: 1.5%;"
        />
      </div>
      <div
        class="bin"
      >
        <div
          class="label"
        >
          Unassigned
        </div>
        <div
          class="value"
        >
          1.2%
        </div>
        <div
          class="bar"
          style="width: 1.2%;"
        />
      </div>
      <div
        class="bin"
      >
        <div
          class="label"
        >
          Paid Other
        </div>
        <div
          class="value"
        >
          0.1%
        </div>
        <div
          class="bar"
          style="width: 0.1%;"
        />
      </div>
      <div
        class="bin"
      >
        <div
          class="label"
        >
          Organic Social
        </div>
        <div
          class="value"
        >
          0.1%
        </div>
        <div
          class="bar"
          style="width: 0.1%;"
        />
      </div>
      <div
        class="bin"
      >
        <div
          class="label"
        >
          Paid Social
        </div>
        <div
          class="value"
        >
          0.1%
        </div>
        <div
          class="bar"
          style="width: 0.1%;"
        />
      </div>
    </div>
  </figure>
</DocumentFragment>
`;

exports[`TopChannels when data is not loaded renders a component in loading state 1`] = `
<DocumentFragment>
  <figure
    id="chart_session_channel_group"
  >
    <div
      class="data bar-chart"
    />
  </figure>
</DocumentFragment>
`;

exports[`TopChannels when data loading has an error renders a component in error state 1`] = `
<DocumentFragment>
  <figure
    id="chart_session_channel_group"
  >
    <div
      class="data bar-chart"
    />
  </figure>
</DocumentFragment>
`;
