// Jest Snapshot v1, https://goo.gl/fbAQLP

exports[`TopDownloadsAndVideoPlays when data is loaded and video play data has > 2 results renders a component with data loaded 1`] = `
<DocumentFragment>
  <section
    class="top-downloads"
  >
    <div
      class="top-downloads__headline"
    >
      <h3>
        <a
          href="/definitions#report_yesterday_top_downloads"
        >
          Top 10 Downloads Last Week
        </a>
      </h3>
    </div>
    <h4>
      <em>
        Top file downloads over the last week on NASA hostnames.
      </em>
    </h4>
    <figure
      class="top-downloads__bar-chart"
    >
      <div
        class="data chart__bar-chart text--capitalize margin-top-4"
      >
        <div
          class="chart__bar-chart__item"
        >
          <div
            class="chart__bar-chart__item__label dark-grey text--overflow-ellipsis margin-right-8"
          >
            <span
              class="top-download__page-name"
            >
              
                    
              <a
                href="http://frayed-bulb.com"
                rel="noopener"
                target="_blank"
              >
                
                      transform user-centric paradigms
                    
              </a>
              
                  
            </span>
            
                  
            <span
              class="top-download__page-domain"
            >
              
                    frayed-bulb.com
                  
            </span>
            
                  
            <span
              class="divider"
            >
              /
            </span>
            
                  
            <span
              class="top-download__file-location"
            >
              
                    
              <a
                href="https://whole-youth.info"
                rel="noopener"
                target="_blank"
              >
                
                      download file
                    
              </a>
              
                  
            </span>
          </div>
          <div
            class="chart__bar-chart__item__value"
          >
            2,002
          </div>
          <div
            class="chart__bar-chart__item__bar bg-light-blue"
            style="width: 21%;"
          />
        </div>
        <div
          class="chart__bar-chart__item"
        >
          <div
            class="chart__bar-chart__item__label dark-grey text--overflow-ellipsis margin-right-8"
          >
            <span
              class="top-download__page-name"
            >
              
                    
              <a
                href="http://unfit-tune.info"
                rel="noopener"
                target="_blank"
              >
                
                      scale holistic relationships
                    
              </a>
              
                  
            </span>
            
                  
            <span
              class="top-download__page-domain"
            >
              
                    unfit-tune.info
                  
            </span>
            
                  
            <span
              class="divider"
            >
              /
            </span>
            
                  
            <span
              class="top-download__file-location"
            >
              
                    
              <a
                href="https://voluminous-consent.info"
                rel="noopener"
                target="_blank"
              >
                
                      download file
                    
              </a>
              
                  
            </span>
          </div>
          <div
            class="chart__bar-chart__item__value"
          >
            9,889
          </div>
          <div
            class="chart__bar-chart__item__bar bg-light-blue"
            style="width: 100%;"
          />
        </div>
        <div
          class="chart__bar-chart__item"
        >
          <div
            class="chart__bar-chart__item__label dark-grey text--overflow-ellipsis margin-right-8"
          >
            <span
              class="top-download__page-name"
            >
              
                    
              <a
                href="http://major-innocence.name"
                rel="noopener"
                target="_blank"
              >
                
                      synergize global bandwidth
                    
              </a>
              
                  
            </span>
            
                  
            <span
              class="top-download__page-domain"
            >
              
                    major-innocence.name
                  
            </span>
            
                  
            <span
              class="divider"
            >
              /
            </span>
            
                  
            <span
              class="top-download__file-location"
            >
              
                    
              <a
                href="https://official-descent.name"
                rel="noopener"
                target="_blank"
              >
                
                      download file
                    
              </a>
              
                  
            </span>
          </div>
          <div
            class="chart__bar-chart__item__value"
          >
            3,671
          </div>
          <div
            class="chart__bar-chart__item__bar bg-light-blue"
            style="width: 38%;"
          />
        </div>
        <div
          class="chart__bar-chart__item"
        >
          <div
            class="chart__bar-chart__item__label dark-grey text--overflow-ellipsis margin-right-8"
          >
            <span
              class="top-download__page-name"
            >
              
                    
              <a
                href="http://favorite-dune.org"
                rel="noopener"
                target="_blank"
              >
                
                      productize scalable niches
                    
              </a>
              
                  
            </span>
            
                  
            <span
              class="top-download__page-domain"
            >
              
                    favorite-dune.org
                  
            </span>
            
                  
            <span
              class="divider"
            >
              /
            </span>
            
                  
            <span
              class="top-download__file-location"
            >
              
                    
              <a
                href="https://forthright-pause.org"
                rel="noopener"
                target="_blank"
              >
                
                      download file
                    
              </a>
              
                  
            </span>
          </div>
          <div
            class="chart__bar-chart__item__value"
          >
            3,487
          </div>
          <div
            class="chart__bar-chart__item__bar bg-light-blue"
            style="width: 36%;"
          />
        </div>
        <div
          class="chart__bar-chart__item"
        >
          <div
            class="chart__bar-chart__item__label dark-grey text--overflow-ellipsis margin-right-8"
          >
            <span
              class="top-download__page-name"
            >
              
                    
              <a
                href="http://criminal-futon.biz"
                rel="noopener"
                target="_blank"
              >
                
                      synthesize collaborative blockchains
                    
              </a>
              
                  
            </span>
            
                  
            <span
              class="top-download__page-domain"
            >
              
                    criminal-futon.biz
                  
            </span>
            
                  
            <span
              class="divider"
            >
              /
            </span>
            
                  
            <span
              class="top-download__file-location"
            >
              
                    
              <a
                href="https://kaleidoscopic-oatmeal.info"
                rel="noopener"
                target="_blank"
              >
                
                      download file
                    
              </a>
              
                  
            </span>
          </div>
          <div
            class="chart__bar-chart__item__value"
          >
            7,353
          </div>
          <div
            class="chart__bar-chart__item__bar bg-light-blue"
            style="width: 75%;"
          />
        </div>
        <div
          class="chart__bar-chart__item"
        >
          <div
            class="chart__bar-chart__item__label dark-grey text--overflow-ellipsis margin-right-8"
          >
            <span
              class="top-download__page-name"
            >
              
                    
              <a
                href="http://stark-iris.org"
                rel="noopener"
                target="_blank"
              >
                
                      cultivate global functionalities
                    
              </a>
              
                  
            </span>
            
                  
            <span
              class="top-download__page-domain"
            >
              
                    stark-iris.org
                  
            </span>
            
                  
            <span
              class="divider"
            >
              /
            </span>
            
                  
            <span
              class="top-download__file-location"
            >
              
                    
              <a
                href="https://plain-citrus.org"
                rel="noopener"
                target="_blank"
              >
                
                      download file
                    
              </a>
              
                  
            </span>
          </div>
          <div
            class="chart__bar-chart__item__value"
          >
            6,703
          </div>
          <div
            class="chart__bar-chart__item__bar bg-light-blue"
            style="width: 68%;"
          />
        </div>
        <div
          class="chart__bar-chart__item"
        >
          <div
            class="chart__bar-chart__item__label dark-grey text--overflow-ellipsis margin-right-8"
          >
            <span
              class="top-download__page-name"
            >
              
                    
              <a
                href="http://perfect-reveal.org"
                rel="noopener"
                target="_blank"
              >
                
                      synthesize leading-edge relationships
                    
              </a>
              
                  
            </span>
            
                  
            <span
              class="top-download__page-domain"
            >
              
                    perfect-reveal.org
                  
            </span>
            
                  
            <span
              class="divider"
            >
              /
            </span>
            
                  
            <span
              class="top-download__file-location"
            >
              
                    
              <a
                href="https://hard-to-find-vet.biz"
                rel="noopener"
                target="_blank"
              >
                
                      download file
                    
              </a>
              
                  
            </span>
          </div>
          <div
            class="chart__bar-chart__item__value"
          >
            2,532
          </div>
          <div
            class="chart__bar-chart__item__bar bg-light-blue"
            style="width: 26%;"
          />
        </div>
        <div
          class="chart__bar-chart__item"
        >
          <div
            class="chart__bar-chart__item__label dark-grey text--overflow-ellipsis margin-right-8"
          >
            <span
              class="top-download__page-name"
            >
              
                    
              <a
                href="http://low-superiority.com"
                rel="noopener"
                target="_blank"
              >
                
                      redefine transparent eyeballs
                    
              </a>
              
                  
            </span>
            
                  
            <span
              class="top-download__page-domain"
            >
              
                    low-superiority.com
                  
            </span>
            
                  
            <span
              class="divider"
            >
              /
            </span>
            
                  
            <span
              class="top-download__file-location"
            >
              
                    
              <a
                href="https://sure-footed-part.biz"
                rel="noopener"
                target="_blank"
              >
                
                      download file
                    
              </a>
              
                  
            </span>
          </div>
          <div
            class="chart__bar-chart__item__value"
          >
            6,477
          </div>
          <div
            class="chart__bar-chart__item__bar bg-light-blue"
            style="width: 66%;"
          />
        </div>
        <div
          class="chart__bar-chart__item"
        >
          <div
            class="chart__bar-chart__item__label dark-grey text--overflow-ellipsis margin-right-8"
          >
            <span
              class="top-download__page-name"
            >
              
                    
              <a
                href="http://outgoing-fraction.com"
                rel="noopener"
                target="_blank"
              >
                
                      engage best-of-breed initiatives
                    
              </a>
              
                  
            </span>
            
                  
            <span
              class="top-download__page-domain"
            >
              
                    outgoing-fraction.com
                  
            </span>
            
                  
            <span
              class="divider"
            >
              /
            </span>
            
                  
            <span
              class="top-download__file-location"
            >
              
                    
              <a
                href="https://judicious-universe.com"
                rel="noopener"
                target="_blank"
              >
                
                      download file
                    
              </a>
              
                  
            </span>
          </div>
          <div
            class="chart__bar-chart__item__value"
          >
            282
          </div>
          <div
            class="chart__bar-chart__item__bar bg-light-blue"
            style="width: 4%;"
          />
        </div>
        <div
          class="chart__bar-chart__item"
        >
          <div
            class="chart__bar-chart__item__label dark-grey text--overflow-ellipsis margin-right-8"
          >
            <span
              class="top-download__page-name"
            >
              
                    
              <a
                href="http://ambitious-venture.biz"
                rel="noopener"
                target="_blank"
              >
                
                      transition B2C eyeballs
                    
              </a>
              
                  
            </span>
            
                  
            <span
              class="top-download__page-domain"
            >
              
                    ambitious-venture.biz
                  
            </span>
            
                  
            <span
              class="divider"
            >
              /
            </span>
            
                  
            <span
              class="top-download__file-location"
            >
              
                    
              <a
                href="https://high-invention.info"
                rel="noopener"
                target="_blank"
              >
                
                      download file
                    
              </a>
              
                  
            </span>
          </div>
          <div
            class="chart__bar-chart__item__value"
          >
            6,353
          </div>
          <div
            class="chart__bar-chart__item__bar bg-light-blue"
            style="width: 65%;"
          />
        </div>
      </div>
    </figure>
  </section>
  <section
    class="top-video-plays"
  >
    <div
      class="top-video-plays__headline"
    >
      <h3>
        Top 10 Video Plays Last Week
      </h3>
    </div>
    <h4>
      <em>
        Top videos played over the last week on NASA hostnames.
      </em>
    </h4>
    <figure
      class="top-video-plays__bar-chart"
    >
      <div
        class="data chart__bar-chart text--capitalize margin-top-4"
      >
        <div
          class="chart__bar-chart__item"
        >
          <div
            class="chart__bar-chart__item__label dark-grey text--overflow-ellipsis margin-right-8"
          >
            <a
              href="https://open-territory.name"
              rel="noopener"
              target="_blank"
            >
              engineer world-class networks
            </a>
          </div>
          <div
            class="chart__bar-chart__item__value"
          >
            7,410
          </div>
          <div
            class="chart__bar-chart__item__bar bg-light-blue"
            style="width: 82%;"
          />
        </div>
        <div
          class="chart__bar-chart__item"
        >
          <div
            class="chart__bar-chart__item__label dark-grey text--overflow-ellipsis margin-right-8"
          >
            <a
              href="https://athletic-cellar.com"
              rel="noopener"
              target="_blank"
            >
              envisioneer cross-platform web services
            </a>
          </div>
          <div
            class="chart__bar-chart__item__value"
          >
            9,078
          </div>
          <div
            class="chart__bar-chart__item__bar bg-light-blue"
            style="width: 100%;"
          />
        </div>
        <div
          class="chart__bar-chart__item"
        >
          <div
            class="chart__bar-chart__item__label dark-grey text--overflow-ellipsis margin-right-8"
          >
            <a
              href="https://difficult-resist.net"
              rel="noopener"
              target="_blank"
            >
              syndicate vertical technologies
            </a>
          </div>
          <div
            class="chart__bar-chart__item__value"
          >
            2,177
          </div>
          <div
            class="chart__bar-chart__item__bar bg-light-blue"
            style="width: 25%;"
          />
        </div>
        <div
          class="chart__bar-chart__item"
        >
          <div
            class="chart__bar-chart__item__label dark-grey text--overflow-ellipsis margin-right-8"
          >
            <a
              href="https://haunting-shoes.biz"
              rel="noopener"
              target="_blank"
            >
              enable viral interfaces
            </a>
          </div>
          <div
            class="chart__bar-chart__item__value"
          >
            3,888
          </div>
          <div
            class="chart__bar-chart__item__bar bg-light-blue"
            style="width: 43%;"
          />
        </div>
        <div
          class="chart__bar-chart__item"
        >
          <div
            class="chart__bar-chart__item__label dark-grey text--overflow-ellipsis margin-right-8"
          >
            <a
              href="https://jumbo-counselor.net"
              rel="noopener"
              target="_blank"
            >
              expedite out-of-the-box blockchains
            </a>
          </div>
          <div
            class="chart__bar-chart__item__value"
          >
            3,831
          </div>
          <div
            class="chart__bar-chart__item__bar bg-light-blue"
            style="width: 43%;"
          />
        </div>
        <div
          class="chart__bar-chart__item"
        >
          <div
            class="chart__bar-chart__item__label dark-grey text--overflow-ellipsis margin-right-8"
          >
            <a
              href="https://lanky-gratitude.net"
              rel="noopener"
              target="_blank"
            >
              architect visionary paradigms
            </a>
          </div>
          <div
            class="chart__bar-chart__item__value"
          >
            5,994
          </div>
          <div
            class="chart__bar-chart__item__bar bg-light-blue"
            style="width: 66%;"
          />
        </div>
        <div
          class="chart__bar-chart__item"
        >
          <div
            class="chart__bar-chart__item__label dark-grey text--overflow-ellipsis margin-right-8"
          >
            <a
              href="https://quaint-boycott.name"
              rel="noopener"
              target="_blank"
            >
              enable e-business initiatives
            </a>
          </div>
          <div
            class="chart__bar-chart__item__value"
          >
            3,288
          </div>
          <div
            class="chart__bar-chart__item__bar bg-light-blue"
            style="width: 37%;"
          />
        </div>
        <div
          class="chart__bar-chart__item"
        >
          <div
            class="chart__bar-chart__item__label dark-grey text--overflow-ellipsis margin-right-8"
          >
            <a
              href="https://medical-detail.com"
              rel="noopener"
              target="_blank"
            >
              optimize enterprise metrics
            </a>
          </div>
          <div
            class="chart__bar-chart__item__value"
          >
            7,669
          </div>
          <div
            class="chart__bar-chart__item__bar bg-light-blue"
            style="width: 85%;"
          />
        </div>
        <div
          class="chart__bar-chart__item"
        >
          <div
            class="chart__bar-chart__item__label dark-grey text--overflow-ellipsis margin-right-8"
          >
            <a
              href="https://oily-cloister.name"
              rel="noopener"
              target="_blank"
            >
              brand viral ROI
            </a>
          </div>
          <div
            class="chart__bar-chart__item__value"
          >
            6,760
          </div>
          <div
            class="chart__bar-chart__item__bar bg-light-blue"
            style="width: 75%;"
          />
        </div>
        <div
          class="chart__bar-chart__item"
        >
          <div
            class="chart__bar-chart__item__label dark-grey text--overflow-ellipsis margin-right-8"
          >
            <a
              href="https://long-oeuvre.name"
              rel="noopener"
              target="_blank"
            >
              aggregate efficient lifetime value
            </a>
          </div>
          <div
            class="chart__bar-chart__item__value"
          >
            4,298
          </div>
          <div
            class="chart__bar-chart__item__bar bg-light-blue"
            style="width: 48%;"
          />
        </div>
      </div>
    </figure>
  </section>
</DocumentFragment>
`;

exports[`TopDownloadsAndVideoPlays when data is loaded and video play data has 2 results renders a component with data loaded 1`] = `
<DocumentFragment>
  <section
    class="top-downloads"
  >
    <div
      class="top-downloads__headline"
    >
      <h3>
        <a
          href="/definitions#report_yesterday_top_downloads"
        >
          Top 20 Downloads Last Week
        </a>
      </h3>
    </div>
    <h4>
      <em>
        Top file downloads over the last week on NASA hostnames.
      </em>
    </h4>
    <figure
      class="top-downloads__bar-chart"
    >
      <div
        class="data chart__bar-chart text--capitalize margin-top-4"
      >
        <div
          class="chart__bar-chart__item"
        >
          <div
            class="chart__bar-chart__item__label dark-grey text--overflow-ellipsis margin-right-8"
          >
            <span
              class="top-download__page-name"
            >
              
                    
              <a
                href="http://bright-monotheism.net"
                rel="noopener"
                target="_blank"
              >
                
                      matrix turn-key architectures
                    
              </a>
              
                  
            </span>
            
                  
            <span
              class="top-download__page-domain"
            >
              
                    bright-monotheism.net
                  
            </span>
            
                  
            <span
              class="divider"
            >
              /
            </span>
            
                  
            <span
              class="top-download__file-location"
            >
              
                    
              <a
                href="https://flawless-naturalisation.info"
                rel="noopener"
                target="_blank"
              >
                
                      download file
                    
              </a>
              
                  
            </span>
          </div>
          <div
            class="chart__bar-chart__item__value"
          >
            7,269
          </div>
          <div
            class="chart__bar-chart__item__bar bg-light-blue"
            style="width: 75%;"
          />
        </div>
        <div
          class="chart__bar-chart__item"
        >
          <div
            class="chart__bar-chart__item__label dark-grey text--overflow-ellipsis margin-right-8"
          >
            <span
              class="top-download__page-name"
            >
              
                    
              <a
                href="http://admirable-art.org"
                rel="noopener"
                target="_blank"
              >
                
                      enhance world-class web services
                    
              </a>
              
                  
            </span>
            
                  
            <span
              class="top-download__page-domain"
            >
              
                    admirable-art.org
                  
            </span>
            
                  
            <span
              class="divider"
            >
              /
            </span>
            
                  
            <span
              class="top-download__file-location"
            >
              
                    
              <a
                href="https://rigid-oboe.name"
                rel="noopener"
                target="_blank"
              >
                
                      download file
                    
              </a>
              
                  
            </span>
          </div>
          <div
            class="chart__bar-chart__item__value"
          >
            1,243
          </div>
          <div
            class="chart__bar-chart__item__bar bg-light-blue"
            style="width: 14%;"
          />
        </div>
        <div
          class="chart__bar-chart__item"
        >
          <div
            class="chart__bar-chart__item__label dark-grey text--overflow-ellipsis margin-right-8"
          >
            <span
              class="top-download__page-name"
            >
              
                    
              <a
                href="http://whimsical-pipe.com"
                rel="noopener"
                target="_blank"
              >
                
                      mesh innovative mindshare
                    
              </a>
              
                  
            </span>
            
                  
            <span
              class="top-download__page-domain"
            >
              
                    whimsical-pipe.com
                  
            </span>
            
                  
            <span
              class="divider"
            >
              /
            </span>
            
                  
            <span
              class="top-download__file-location"
            >
              
                    
              <a
                href="https://posh-dialogue.org"
                rel="noopener"
                target="_blank"
              >
                
                      download file
                    
              </a>
              
                  
            </span>
          </div>
          <div
            class="chart__bar-chart__item__value"
          >
            4,132
          </div>
          <div
            class="chart__bar-chart__item__bar bg-light-blue"
            style="width: 43%;"
          />
        </div>
        <div
          class="chart__bar-chart__item"
        >
          <div
            class="chart__bar-chart__item__label dark-grey text--overflow-ellipsis margin-right-8"
          >
            <span
              class="top-download__page-name"
            >
              
                    
              <a
                href="http://ringed-sweatsuit.net"
                rel="noopener"
                target="_blank"
              >
                
                      seize real-time technologies
                    
              </a>
              
                  
            </span>
            
                  
            <span
              class="top-download__page-domain"
            >
              
                    ringed-sweatsuit.net
                  
            </span>
            
                  
            <span
              class="divider"
            >
              /
            </span>
            
                  
            <span
              class="top-download__file-location"
            >
              
                    
              <a
                href="https://thunderous-provider.biz"
                rel="noopener"
                target="_blank"
              >
                
                      download file
                    
              </a>
              
                  
            </span>
          </div>
          <div
            class="chart__bar-chart__item__value"
          >
            308
          </div>
          <div
            class="chart__bar-chart__item__bar bg-light-blue"
            style="width: 4%;"
          />
        </div>
        <div
          class="chart__bar-chart__item"
        >
          <div
            class="chart__bar-chart__item__label dark-grey text--overflow-ellipsis margin-right-8"
          >
            <span
              class="top-download__page-name"
            >
              
                    
              <a
                href="http://pointed-necktie.info"
                rel="noopener"
                target="_blank"
              >
                
                      utilize revolutionary users
                    
              </a>
              
                  
            </span>
            
                  
            <span
              class="top-download__page-domain"
            >
              
                    pointed-necktie.info
                  
            </span>
            
                  
            <span
              class="divider"
            >
              /
            </span>
            
                  
            <span
              class="top-download__file-location"
            >
              
                    
              <a
                href="https://deficient-burrito.net"
                rel="noopener"
                target="_blank"
              >
                
                      download file
                    
              </a>
              
                  
            </span>
          </div>
          <div
            class="chart__bar-chart__item__value"
          >
            2,825
          </div>
          <div
            class="chart__bar-chart__item__bar bg-light-blue"
            style="width: 30%;"
          />
        </div>
        <div
          class="chart__bar-chart__item"
        >
          <div
            class="chart__bar-chart__item__label dark-grey text--overflow-ellipsis margin-right-8"
          >
            <span
              class="top-download__page-name"
            >
              
                    
              <a
                href="http://quarterly-stallion.org"
                rel="noopener"
                target="_blank"
              >
                
                      scale magnetic metrics
                    
              </a>
              
                  
            </span>
            
                  
            <span
              class="top-download__page-domain"
            >
              
                    quarterly-stallion.org
                  
            </span>
            
                  
            <span
              class="divider"
            >
              /
            </span>
            
                  
            <span
              class="top-download__file-location"
            >
              
                    
              <a
                href="https://bold-sorbet.com"
                rel="noopener"
                target="_blank"
              >
                
                      download file
                    
              </a>
              
                  
            </span>
          </div>
          <div
            class="chart__bar-chart__item__value"
          >
            4,009
          </div>
          <div
            class="chart__bar-chart__item__bar bg-light-blue"
            style="width: 42%;"
          />
        </div>
        <div
          class="chart__bar-chart__item"
        >
          <div
            class="chart__bar-chart__item__label dark-grey text--overflow-ellipsis margin-right-8"
          >
            <span
              class="top-download__page-name"
            >
              
                    
              <a
                href="http://scornful-behest.info"
                rel="noopener"
                target="_blank"
              >
                
                      facilitate back-end solutions
                    
              </a>
              
                  
            </span>
            
                  
            <span
              class="top-download__page-domain"
            >
              
                    scornful-behest.info
                  
            </span>
            
                  
            <span
              class="divider"
            >
              /
            </span>
            
                  
            <span
              class="top-download__file-location"
            >
              
                    
              <a
                href="https://embarrassed-boxspring.com"
                rel="noopener"
                target="_blank"
              >
                
                      download file
                    
              </a>
              
                  
            </span>
          </div>
          <div
            class="chart__bar-chart__item__value"
          >
            5,914
          </div>
          <div
            class="chart__bar-chart__item__bar bg-light-blue"
            style="width: 61%;"
          />
        </div>
        <div
          class="chart__bar-chart__item"
        >
          <div
            class="chart__bar-chart__item__label dark-grey text--overflow-ellipsis margin-right-8"
          >
            <span
              class="top-download__page-name"
            >
              
                    
              <a
                href="http://emotional-custard.net"
                rel="noopener"
                target="_blank"
              >
                
                      streamline global ROI
                    
              </a>
              
                  
            </span>
            
                  
            <span
              class="top-download__page-domain"
            >
              
                    emotional-custard.net
                  
            </span>
            
                  
            <span
              class="divider"
            >
              /
            </span>
            
                  
            <span
              class="top-download__file-location"
            >
              
                    
              <a
                href="https://urban-happening.name"
                rel="noopener"
                target="_blank"
              >
                
                      download file
                    
              </a>
              
                  
            </span>
          </div>
          <div
            class="chart__bar-chart__item__value"
          >
            3,016
          </div>
          <div
            class="chart__bar-chart__item__bar bg-light-blue"
            style="width: 32%;"
          />
        </div>
        <div
          class="chart__bar-chart__item"
        >
          <div
            class="chart__bar-chart__item__label dark-grey text--overflow-ellipsis margin-right-8"
          >
            <span
              class="top-download__page-name"
            >
              
                    
              <a
                href="http://nervous-recipient.com"
                rel="noopener"
                target="_blank"
              >
                
                      engage transparent initiatives
                    
              </a>
              
                  
            </span>
            
                  
            <span
              class="top-download__page-domain"
            >
              
                    nervous-recipient.com
                  
            </span>
            
                  
            <span
              class="divider"
            >
              /
            </span>
            
                  
            <span
              class="top-download__file-location"
            >
              
                    
              <a
                href="https://advanced-environment.name"
                rel="noopener"
                target="_blank"
              >
                
                      download file
                    
              </a>
              
                  
            </span>
          </div>
          <div
            class="chart__bar-chart__item__value"
          >
            405
          </div>
          <div
            class="chart__bar-chart__item__bar bg-light-blue"
            style="width: 5%;"
          />
        </div>
        <div
          class="chart__bar-chart__item"
        >
          <div
            class="chart__bar-chart__item__label dark-grey text--overflow-ellipsis margin-right-8"
          >
            <span
              class="top-download__page-name"
            >
              
                    
              <a
                href="http://fitting-scallops.biz"
                rel="noopener"
                target="_blank"
              >
                
                      enable customized solutions
                    
              </a>
              
                  
            </span>
            
                  
            <span
              class="top-download__page-domain"
            >
              
                    fitting-scallops.biz
                  
            </span>
            
                  
            <span
              class="divider"
            >
              /
            </span>
            
                  
            <span
              class="top-download__file-location"
            >
              
                    
              <a
                href="https://knobby-sleuth.name"
                rel="noopener"
                target="_blank"
              >
                
                      download file
                    
              </a>
              
                  
            </span>
          </div>
          <div
            class="chart__bar-chart__item__value"
          >
            8,628
          </div>
          <div
            class="chart__bar-chart__item__bar bg-light-blue"
            style="width: 89%;"
          />
        </div>
        <div
          class="chart__bar-chart__item"
        >
          <div
            class="chart__bar-chart__item__label dark-grey text--overflow-ellipsis margin-right-8"
          >
            <span
              class="top-download__page-name"
            >
              
                    
              <a
                href="http://heartfelt-crook.biz"
                rel="noopener"
                target="_blank"
              >
                
                      monetize extensible initiatives
                    
              </a>
              
                  
            </span>
            
                  
            <span
              class="top-download__page-domain"
            >
              
                    heartfelt-crook.biz
                  
            </span>
            
                  
            <span
              class="divider"
            >
              /
            </span>
            
                  
            <span
              class="top-download__file-location"
            >
              
                    
              <a
                href="https://zigzag-union.org"
                rel="noopener"
                target="_blank"
              >
                
                      download file
                    
              </a>
              
                  
            </span>
          </div>
          <div
            class="chart__bar-chart__item__value"
          >
            1,435
          </div>
          <div
            class="chart__bar-chart__item__bar bg-light-blue"
            style="width: 16%;"
          />
        </div>
        <div
          class="chart__bar-chart__item"
        >
          <div
            class="chart__bar-chart__item__label dark-grey text--overflow-ellipsis margin-right-8"
          >
            <span
              class="top-download__page-name"
            >
              
                    
              <a
                href="http://exciting-disclaimer.info"
                rel="noopener"
                target="_blank"
              >
                
                      implement clicks-and-mortar e-commerce
                    
              </a>
              
                  
            </span>
            
                  
            <span
              class="top-download__page-domain"
            >
              
                    exciting-disclaimer.info
                  
            </span>
            
                  
            <span
              class="divider"
            >
              /
            </span>
            
                  
            <span
              class="top-download__file-location"
            >
              
                    
              <a
                href="https://massive-veteran.biz"
                rel="noopener"
                target="_blank"
              >
                
                      download file
                    
              </a>
              
                  
            </span>
          </div>
          <div
            class="chart__bar-chart__item__value"
          >
            9,727
          </div>
          <div
            class="chart__bar-chart__item__bar bg-light-blue"
            style="width: 100%;"
          />
        </div>
        <div
          class="chart__bar-chart__item"
        >
          <div
            class="chart__bar-chart__item__label dark-grey text--overflow-ellipsis margin-right-8"
          >
            <span
              class="top-download__page-name"
            >
              
                    
              <a
                href="http://tame-name.name"
                rel="noopener"
                target="_blank"
              >
                
                      synergize best-of-breed schemas
                    
              </a>
              
                  
            </span>
            
                  
            <span
              class="top-download__page-domain"
            >
              
                    tame-name.name
                  
            </span>
            
                  
            <span
              class="divider"
            >
              /
            </span>
            
                  
            <span
              class="top-download__file-location"
            >
              
                    
              <a
                href="https://several-strait.info"
                rel="noopener"
                target="_blank"
              >
                
                      download file
                    
              </a>
              
                  
            </span>
          </div>
          <div
            class="chart__bar-chart__item__value"
          >
            1,036
          </div>
          <div
            class="chart__bar-chart__item__bar bg-light-blue"
            style="width: 12%;"
          />
        </div>
        <div
          class="chart__bar-chart__item"
        >
          <div
            class="chart__bar-chart__item__label dark-grey text--overflow-ellipsis margin-right-8"
          >
            <span
              class="top-download__page-name"
            >
              
                    
              <a
                href="http://giddy-octagon.org"
                rel="noopener"
                target="_blank"
              >
                
                      harness one-to-one solutions
                    
              </a>
              
                  
            </span>
            
                  
            <span
              class="top-download__page-domain"
            >
              
                    giddy-octagon.org
                  
            </span>
            
                  
            <span
              class="divider"
            >
              /
            </span>
            
                  
            <span
              class="top-download__file-location"
            >
              
                    
              <a
                href="https://wooden-anteater.biz"
                rel="noopener"
                target="_blank"
              >
                
                      download file
                    
              </a>
              
                  
            </span>
          </div>
          <div
            class="chart__bar-chart__item__value"
          >
            5,762
          </div>
          <div
            class="chart__bar-chart__item__bar bg-light-blue"
            style="width: 60%;"
          />
        </div>
        <div
          class="chart__bar-chart__item"
        >
          <div
            class="chart__bar-chart__item__label dark-grey text--overflow-ellipsis margin-right-8"
          >
            <span
              class="top-download__page-name"
            >
              
                    
              <a
                href="http://early-dragster.net"
                rel="noopener"
                target="_blank"
              >
                
                      morph e-business technologies
                    
              </a>
              
                  
            </span>
            
                  
            <span
              class="top-download__page-domain"
            >
              
                    early-dragster.net
                  
            </span>
            
                  
            <span
              class="divider"
            >
              /
            </span>
            
                  
            <span
              class="top-download__file-location"
            >
              
                    
              <a
                href="https://witty-wasabi.name"
                rel="noopener"
                target="_blank"
              >
                
                      download file
                    
              </a>
              
                  
            </span>
          </div>
          <div
            class="chart__bar-chart__item__value"
          >
            9,656
          </div>
          <div
            class="chart__bar-chart__item__bar bg-light-blue"
            style="width: 99%;"
          />
        </div>
        <div
          class="chart__bar-chart__item"
        >
          <div
            class="chart__bar-chart__item__label dark-grey text--overflow-ellipsis margin-right-8"
          >
            <span
              class="top-download__page-name"
            >
              
                    
              <a
                href="http://gray-aggression.info"
                rel="noopener"
                target="_blank"
              >
                
                      engage web-enabled functionalities
                    
              </a>
              
                  
            </span>
            
                  
            <span
              class="top-download__page-domain"
            >
              
                    gray-aggression.info
                  
            </span>
            
                  
            <span
              class="divider"
            >
              /
            </span>
            
                  
            <span
              class="top-download__file-location"
            >
              
                    
              <a
                href="https://glossy-shootdown.info"
                rel="noopener"
                target="_blank"
              >
                
                      download file
                    
              </a>
              
                  
            </span>
          </div>
          <div
            class="chart__bar-chart__item__value"
          >
            2,127
          </div>
          <div
            class="chart__bar-chart__item__bar bg-light-blue"
            style="width: 23%;"
          />
        </div>
        <div
          class="chart__bar-chart__item"
        >
          <div
            class="chart__bar-chart__item__label dark-grey text--overflow-ellipsis margin-right-8"
          >
            <span
              class="top-download__page-name"
            >
              
                    
              <a
                href="http://heartfelt-elite.net"
                rel="noopener"
                target="_blank"
              >
                
                      seize viral solutions
                    
              </a>
              
                  
            </span>
            
                  
            <span
              class="top-download__page-domain"
            >
              
                    heartfelt-elite.net
                  
            </span>
            
                  
            <span
              class="divider"
            >
              /
            </span>
            
                  
            <span
              class="top-download__file-location"
            >
              
                    
              <a
                href="https://perky-bandwidth.com"
                rel="noopener"
                target="_blank"
              >
                
                      download file
                    
              </a>
              
                  
            </span>
          </div>
          <div
            class="chart__bar-chart__item__value"
          >
            6,133
          </div>
          <div
            class="chart__bar-chart__item__bar bg-light-blue"
            style="width: 63%;"
          />
        </div>
        <div
          class="chart__bar-chart__item"
        >
          <div
            class="chart__bar-chart__item__label dark-grey text--overflow-ellipsis margin-right-8"
          >
            <span
              class="top-download__page-name"
            >
              
                    
              <a
                href="http://overjoyed-sage.org"
                rel="noopener"
                target="_blank"
              >
                
                      synergize wireless synergies
                    
              </a>
              
                  
            </span>
            
                  
            <span
              class="top-download__page-domain"
            >
              
                    overjoyed-sage.org
                  
            </span>
            
                  
            <span
              class="divider"
            >
              /
            </span>
            
                  
            <span
              class="top-download__file-location"
            >
              
                    
              <a
                href="https://wary-bachelor.com"
                rel="noopener"
                target="_blank"
              >
                
                      download file
                    
              </a>
              
                  
            </span>
          </div>
          <div
            class="chart__bar-chart__item__value"
          >
            3,228
          </div>
          <div
            class="chart__bar-chart__item__bar bg-light-blue"
            style="width: 34%;"
          />
        </div>
        <div
          class="chart__bar-chart__item"
        >
          <div
            class="chart__bar-chart__item__label dark-grey text--overflow-ellipsis margin-right-8"
          >
            <span
              class="top-download__page-name"
            >
              
                    
              <a
                href="http://critical-lobby.com"
                rel="noopener"
                target="_blank"
              >
                
                      matrix frictionless bandwidth
                    
              </a>
              
                  
            </span>
            
                  
            <span
              class="top-download__page-domain"
            >
              
                    critical-lobby.com
                  
            </span>
            
                  
            <span
              class="divider"
            >
              /
            </span>
            
                  
            <span
              class="top-download__file-location"
            >
              
                    
              <a
                href="https://ragged-wildlife.net"
                rel="noopener"
                target="_blank"
              >
                
                      download file
                    
              </a>
              
                  
            </span>
          </div>
          <div
            class="chart__bar-chart__item__value"
          >
            5,610
          </div>
          <div
            class="chart__bar-chart__item__bar bg-light-blue"
            style="width: 58%;"
          />
        </div>
        <div
          class="chart__bar-chart__item"
        >
          <div
            class="chart__bar-chart__item__label dark-grey text--overflow-ellipsis margin-right-8"
          >
            <span
              class="top-download__page-name"
            >
              
                    
              <a
                href="http://jumbo-fahrenheit.info"
                rel="noopener"
                target="_blank"
              >
                
                      brand killer web services
                    
              </a>
              
                  
            </span>
            
                  
            <span
              class="top-download__page-domain"
            >
              
                    jumbo-fahrenheit.info
                  
            </span>
            
                  
            <span
              class="divider"
            >
              /
            </span>
            
                  
            <span
              class="top-download__file-location"
            >
              
                    
              <a
                href="https://separate-cricket.org"
                rel="noopener"
                target="_blank"
              >
                
                      download file
                    
              </a>
              
                  
            </span>
          </div>
          <div
            class="chart__bar-chart__item__value"
          >
            5,672
          </div>
          <div
            class="chart__bar-chart__item__bar bg-light-blue"
            style="width: 59%;"
          />
        </div>
      </div>
    </figure>
  </section>
  <section
    class="top-video-plays"
  >
    <div
      class="top-video-plays__headline"
    >
      <h3>
        Top Video Plays Last Week
      </h3>
    </div>
    <h4>
      <em>
        Video play data is unavailable for NASA hostnames.
      </em>
    </h4>
    <div />
  </section>
</DocumentFragment>
`;

exports[`TopDownloadsAndVideoPlays when data is loaded and video play data is empty renders a component with data loaded 1`] = `
<DocumentFragment>
  <section
    class="top-downloads"
  >
    <div
      class="top-downloads__headline"
    >
      <h3>
        <a
          href="/definitions#report_yesterday_top_downloads"
        >
          Top 20 Downloads Last Week
        </a>
      </h3>
    </div>
    <h4>
      <em>
        Top file downloads over the last week on NASA hostnames.
      </em>
    </h4>
    <figure
      class="top-downloads__bar-chart"
    >
      <div
        class="data chart__bar-chart text--capitalize margin-top-4"
      >
        <div
          class="chart__bar-chart__item"
        >
          <div
            class="chart__bar-chart__item__label dark-grey text--overflow-ellipsis margin-right-8"
          >
            <span
              class="top-download__page-name"
            >
              
                    
              <a
                href="http://robust-childhood.com"
                rel="noopener"
                target="_blank"
              >
                
                      deploy virtual synergies
                    
              </a>
              
                  
            </span>
            
                  
            <span
              class="top-download__page-domain"
            >
              
                    robust-childhood.com
                  
            </span>
            
                  
            <span
              class="divider"
            >
              /
            </span>
            
                  
            <span
              class="top-download__file-location"
            >
              
                    
              <a
                href="https://dizzy-ladybug.net"
                rel="noopener"
                target="_blank"
              >
                
                      download file
                    
              </a>
              
                  
            </span>
          </div>
          <div
            class="chart__bar-chart__item__value"
          >
            3,048
          </div>
          <div
            class="chart__bar-chart__item__bar bg-light-blue"
            style="width: 32%;"
          />
        </div>
        <div
          class="chart__bar-chart__item"
        >
          <div
            class="chart__bar-chart__item__label dark-grey text--overflow-ellipsis margin-right-8"
          >
            <span
              class="top-download__page-name"
            >
              
                    
              <a
                href="http://early-locality.org"
                rel="noopener"
                target="_blank"
              >
                
                      leverage back-end paradigms
                    
              </a>
              
                  
            </span>
            
                  
            <span
              class="top-download__page-domain"
            >
              
                    early-locality.org
                  
            </span>
            
                  
            <span
              class="divider"
            >
              /
            </span>
            
                  
            <span
              class="top-download__file-location"
            >
              
                    
              <a
                href="https://questionable-lake.net"
                rel="noopener"
                target="_blank"
              >
                
                      download file
                    
              </a>
              
                  
            </span>
          </div>
          <div
            class="chart__bar-chart__item__value"
          >
            6,120
          </div>
          <div
            class="chart__bar-chart__item__bar bg-light-blue"
            style="width: 63%;"
          />
        </div>
        <div
          class="chart__bar-chart__item"
        >
          <div
            class="chart__bar-chart__item__label dark-grey text--overflow-ellipsis margin-right-8"
          >
            <span
              class="top-download__page-name"
            >
              
                    
              <a
                href="http://wide-intervention.name"
                rel="noopener"
                target="_blank"
              >
                
                      orchestrate efficient applications
                    
              </a>
              
                  
            </span>
            
                  
            <span
              class="top-download__page-domain"
            >
              
                    wide-intervention.name
                  
            </span>
            
                  
            <span
              class="divider"
            >
              /
            </span>
            
                  
            <span
              class="top-download__file-location"
            >
              
                    
              <a
                href="https://kindhearted-opening.biz"
                rel="noopener"
                target="_blank"
              >
                
                      download file
                    
              </a>
              
                  
            </span>
          </div>
          <div
            class="chart__bar-chart__item__value"
          >
            4,440
          </div>
          <div
            class="chart__bar-chart__item__bar bg-light-blue"
            style="width: 46%;"
          />
        </div>
        <div
          class="chart__bar-chart__item"
        >
          <div
            class="chart__bar-chart__item__label dark-grey text--overflow-ellipsis margin-right-8"
          >
            <span
              class="top-download__page-name"
            >
              
                    
              <a
                href="http://vain-coil.name"
                rel="noopener"
                target="_blank"
              >
                
                      mesh frictionless networks
                    
              </a>
              
                  
            </span>
            
                  
            <span
              class="top-download__page-domain"
            >
              
                    vain-coil.name
                  
            </span>
            
                  
            <span
              class="divider"
            >
              /
            </span>
            
                  
            <span
              class="top-download__file-location"
            >
              
                    
              <a
                href="https://crisp-barber.com"
                rel="noopener"
                target="_blank"
              >
                
                      download file
                    
              </a>
              
                  
            </span>
          </div>
          <div
            class="chart__bar-chart__item__value"
          >
            494
          </div>
          <div
            class="chart__bar-chart__item__bar bg-light-blue"
            style="width: 6%;"
          />
        </div>
        <div
          class="chart__bar-chart__item"
        >
          <div
            class="chart__bar-chart__item__label dark-grey text--overflow-ellipsis margin-right-8"
          >
            <span
              class="top-download__page-name"
            >
              
                    
              <a
                href="http://shameful-contest.org"
                rel="noopener"
                target="_blank"
              >
                
                      engineer world-class networks
                    
              </a>
              
                  
            </span>
            
                  
            <span
              class="top-download__page-domain"
            >
              
                    shameful-contest.org
                  
            </span>
            
                  
            <span
              class="divider"
            >
              /
            </span>
            
                  
            <span
              class="top-download__file-location"
            >
              
                    
              <a
                href="https://open-territory.name"
                rel="noopener"
                target="_blank"
              >
                
                      download file
                    
              </a>
              
                  
            </span>
          </div>
          <div
            class="chart__bar-chart__item__value"
          >
            6,711
          </div>
          <div
            class="chart__bar-chart__item__bar bg-light-blue"
            style="width: 70%;"
          />
        </div>
        <div
          class="chart__bar-chart__item"
        >
          <div
            class="chart__bar-chart__item__label dark-grey text--overflow-ellipsis margin-right-8"
          >
            <span
              class="top-download__page-name"
            >
              
                    
              <a
                href="http://unwelcome-pressroom.com"
                rel="noopener"
                target="_blank"
              >
                
                      envisioneer cross-platform web services
                    
              </a>
              
                  
            </span>
            
                  
            <span
              class="top-download__page-domain"
            >
              
                    unwelcome-pressroom.com
                  
            </span>
            
                  
            <span
              class="divider"
            >
              /
            </span>
            
                  
            <span
              class="top-download__file-location"
            >
              
                    
              <a
                href="https://athletic-cellar.com"
                rel="noopener"
                target="_blank"
              >
                
                      download file
                    
              </a>
              
                  
            </span>
          </div>
          <div
            class="chart__bar-chart__item__value"
          >
            4,531
          </div>
          <div
            class="chart__bar-chart__item__bar bg-light-blue"
            style="width: 47%;"
          />
        </div>
        <div
          class="chart__bar-chart__item"
        >
          <div
            class="chart__bar-chart__item__label dark-grey text--overflow-ellipsis margin-right-8"
          >
            <span
              class="top-download__page-name"
            >
              
                    
              <a
                href="http://eager-breakdown.net"
                rel="noopener"
                target="_blank"
              >
                
                      syndicate vertical technologies
                    
              </a>
              
                  
            </span>
            
                  
            <span
              class="top-download__page-domain"
            >
              
                    eager-breakdown.net
                  
            </span>
            
                  
            <span
              class="divider"
            >
              /
            </span>
            
                  
            <span
              class="top-download__file-location"
            >
              
                    
              <a
                href="https://difficult-resist.net"
                rel="noopener"
                target="_blank"
              >
                
                      download file
                    
              </a>
              
                  
            </span>
          </div>
          <div
            class="chart__bar-chart__item__value"
          >
            691
          </div>
          <div
            class="chart__bar-chart__item__bar bg-light-blue"
            style="width: 8%;"
          />
        </div>
        <div
          class="chart__bar-chart__item"
        >
          <div
            class="chart__bar-chart__item__label dark-grey text--overflow-ellipsis margin-right-8"
          >
            <span
              class="top-download__page-name"
            >
              
                    
              <a
                href="http://honest-reliability.name"
                rel="noopener"
                target="_blank"
              >
                
                      enable viral interfaces
                    
              </a>
              
                  
            </span>
            
                  
            <span
              class="top-download__page-domain"
            >
              
                    honest-reliability.name
                  
            </span>
            
                  
            <span
              class="divider"
            >
              /
            </span>
            
                  
            <span
              class="top-download__file-location"
            >
              
                    
              <a
                href="https://haunting-shoes.biz"
                rel="noopener"
                target="_blank"
              >
                
                      download file
                    
              </a>
              
                  
            </span>
          </div>
          <div
            class="chart__bar-chart__item__value"
          >
            3,970
          </div>
          <div
            class="chart__bar-chart__item__bar bg-light-blue"
            style="width: 42%;"
          />
        </div>
        <div
          class="chart__bar-chart__item"
        >
          <div
            class="chart__bar-chart__item__label dark-grey text--overflow-ellipsis margin-right-8"
          >
            <span
              class="top-download__page-name"
            >
              
                    
              <a
                href="http://hidden-yarn.org"
                rel="noopener"
                target="_blank"
              >
                
                      expedite out-of-the-box blockchains
                    
              </a>
              
                  
            </span>
            
                  
            <span
              class="top-download__page-domain"
            >
              
                    hidden-yarn.org
                  
            </span>
            
                  
            <span
              class="divider"
            >
              /
            </span>
            
                  
            <span
              class="top-download__file-location"
            >
              
                    
              <a
                href="https://jumbo-counselor.net"
                rel="noopener"
                target="_blank"
              >
                
                      download file
                    
              </a>
              
                  
            </span>
          </div>
          <div
            class="chart__bar-chart__item__value"
          >
            9,697
          </div>
          <div
            class="chart__bar-chart__item__bar bg-light-blue"
            style="width: 100%;"
          />
        </div>
        <div
          class="chart__bar-chart__item"
        >
          <div
            class="chart__bar-chart__item__label dark-grey text--overflow-ellipsis margin-right-8"
          >
            <span
              class="top-download__page-name"
            >
              
                    
              <a
                href="http://outgoing-journalism.name"
                rel="noopener"
                target="_blank"
              >
                
                      architect visionary paradigms
                    
              </a>
              
                  
            </span>
            
                  
            <span
              class="top-download__page-domain"
            >
              
                    outgoing-journalism.name
                  
            </span>
            
                  
            <span
              class="divider"
            >
              /
            </span>
            
                  
            <span
              class="top-download__file-location"
            >
              
                    
              <a
                href="https://lanky-gratitude.net"
                rel="noopener"
                target="_blank"
              >
                
                      download file
                    
              </a>
              
                  
            </span>
          </div>
          <div
            class="chart__bar-chart__item__value"
          >
            3,534
          </div>
          <div
            class="chart__bar-chart__item__bar bg-light-blue"
            style="width: 37%;"
          />
        </div>
        <div
          class="chart__bar-chart__item"
        >
          <div
            class="chart__bar-chart__item__label dark-grey text--overflow-ellipsis margin-right-8"
          >
            <span
              class="top-download__page-name"
            >
              
                    
              <a
                href="http://giant-daddy.name"
                rel="noopener"
                target="_blank"
              >
                
                      enable e-business initiatives
                    
              </a>
              
                  
            </span>
            
                  
            <span
              class="top-download__page-domain"
            >
              
                    giant-daddy.name
                  
            </span>
            
                  
            <span
              class="divider"
            >
              /
            </span>
            
                  
            <span
              class="top-download__file-location"
            >
              
                    
              <a
                href="https://quaint-boycott.name"
                rel="noopener"
                target="_blank"
              >
                
                      download file
                    
              </a>
              
                  
            </span>
          </div>
          <div
            class="chart__bar-chart__item__value"
          >
            6,774
          </div>
          <div
            class="chart__bar-chart__item__bar bg-light-blue"
            style="width: 70%;"
          />
        </div>
        <div
          class="chart__bar-chart__item"
        >
          <div
            class="chart__bar-chart__item__label dark-grey text--overflow-ellipsis margin-right-8"
          >
            <span
              class="top-download__page-name"
            >
              
                    
              <a
                href="http://smoggy-obligation.name"
                rel="noopener"
                target="_blank"
              >
                
                      optimize enterprise metrics
                    
              </a>
              
                  
            </span>
            
                  
            <span
              class="top-download__page-domain"
            >
              
                    smoggy-obligation.name
                  
            </span>
            
                  
            <span
              class="divider"
            >
              /
            </span>
            
                  
            <span
              class="top-download__file-location"
            >
              
                    
              <a
                href="https://medical-detail.com"
                rel="noopener"
                target="_blank"
              >
                
                      download file
                    
              </a>
              
                  
            </span>
          </div>
          <div
            class="chart__bar-chart__item__value"
          >
            5,288
          </div>
          <div
            class="chart__bar-chart__item__bar bg-light-blue"
            style="width: 55%;"
          />
        </div>
        <div
          class="chart__bar-chart__item"
        >
          <div
            class="chart__bar-chart__item__label dark-grey text--overflow-ellipsis margin-right-8"
          >
            <span
              class="top-download__page-name"
            >
              
                    
              <a
                href="http://ragged-millet.org"
                rel="noopener"
                target="_blank"
              >
                
                      brand viral ROI
                    
              </a>
              
                  
            </span>
            
                  
            <span
              class="top-download__page-domain"
            >
              
                    ragged-millet.org
                  
            </span>
            
                  
            <span
              class="divider"
            >
              /
            </span>
            
                  
            <span
              class="top-download__file-location"
            >
              
                    
              <a
                href="https://oily-cloister.name"
                rel="noopener"
                target="_blank"
              >
                
                      download file
                    
              </a>
              
                  
            </span>
          </div>
          <div
            class="chart__bar-chart__item__value"
          >
            559
          </div>
          <div
            class="chart__bar-chart__item__bar bg-light-blue"
            style="width: 7%;"
          />
        </div>
        <div
          class="chart__bar-chart__item"
        >
          <div
            class="chart__bar-chart__item__label dark-grey text--overflow-ellipsis margin-right-8"
          >
            <span
              class="top-download__page-name"
            >
              
                    
              <a
                href="http://indelible-amount.biz"
                rel="noopener"
                target="_blank"
              >
                
                      aggregate efficient lifetime value
                    
              </a>
              
                  
            </span>
            
                  
            <span
              class="top-download__page-domain"
            >
              
                    indelible-amount.biz
                  
            </span>
            
                  
            <span
              class="divider"
            >
              /
            </span>
            
                  
            <span
              class="top-download__file-location"
            >
              
                    
              <a
                href="https://long-oeuvre.name"
                rel="noopener"
                target="_blank"
              >
                
                      download file
                    
              </a>
              
                  
            </span>
          </div>
          <div
            class="chart__bar-chart__item__value"
          >
            8,144
          </div>
          <div
            class="chart__bar-chart__item__bar bg-light-blue"
            style="width: 84%;"
          />
        </div>
        <div
          class="chart__bar-chart__item"
        >
          <div
            class="chart__bar-chart__item__label dark-grey text--overflow-ellipsis margin-right-8"
          >
            <span
              class="top-download__page-name"
            >
              
                    
              <a
                href="http://lumbering-living.biz"
                rel="noopener"
                target="_blank"
              >
                
                      matrix intuitive networks
                    
              </a>
              
                  
            </span>
            
                  
            <span
              class="top-download__page-domain"
            >
              
                    lumbering-living.biz
                  
            </span>
            
                  
            <span
              class="divider"
            >
              /
            </span>
            
                  
            <span
              class="top-download__file-location"
            >
              
                    
              <a
                href="https://costly-media.biz"
                rel="noopener"
                target="_blank"
              >
                
                      download file
                    
              </a>
              
                  
            </span>
          </div>
          <div
            class="chart__bar-chart__item__value"
          >
            5,439
          </div>
          <div
            class="chart__bar-chart__item__bar bg-light-blue"
            style="width: 57%;"
          />
        </div>
        <div
          class="chart__bar-chart__item"
        >
          <div
            class="chart__bar-chart__item__label dark-grey text--overflow-ellipsis margin-right-8"
          >
            <span
              class="top-download__page-name"
            >
              
                    
              <a
                href="http://suspicious-antler.net"
                rel="noopener"
                target="_blank"
              >
                
                      streamline bleeding-edge functionalities
                    
              </a>
              
                  
            </span>
            
                  
            <span
              class="top-download__page-domain"
            >
              
                    suspicious-antler.net
                  
            </span>
            
                  
            <span
              class="divider"
            >
              /
            </span>
            
                  
            <span
              class="top-download__file-location"
            >
              
                    
              <a
                href="https://unwilling-fencing.com"
                rel="noopener"
                target="_blank"
              >
                
                      download file
                    
              </a>
              
                  
            </span>
          </div>
          <div
            class="chart__bar-chart__item__value"
          >
            7,968
          </div>
          <div
            class="chart__bar-chart__item__bar bg-light-blue"
            style="width: 82%;"
          />
        </div>
        <div
          class="chart__bar-chart__item"
        >
          <div
            class="chart__bar-chart__item__label dark-grey text--overflow-ellipsis margin-right-8"
          >
            <span
              class="top-download__page-name"
            >
              
                    
              <a
                href="http://lavish-cenotaph.org"
                rel="noopener"
                target="_blank"
              >
                
                      e-enable revolutionary web services
                    
              </a>
              
                  
            </span>
            
                  
            <span
              class="top-download__page-domain"
            >
              
                    lavish-cenotaph.org
                  
            </span>
            
                  
            <span
              class="divider"
            >
              /
            </span>
            
                  
            <span
              class="top-download__file-location"
            >
              
                    
              <a
                href="https://villainous-heaven.info"
                rel="noopener"
                target="_blank"
              >
                
                      download file
                    
              </a>
              
                  
            </span>
          </div>
          <div
            class="chart__bar-chart__item__value"
          >
            2,433
          </div>
          <div
            class="chart__bar-chart__item__bar bg-light-blue"
            style="width: 26%;"
          />
        </div>
        <div
          class="chart__bar-chart__item"
        >
          <div
            class="chart__bar-chart__item__label dark-grey text--overflow-ellipsis margin-right-8"
          >
            <span
              class="top-download__page-name"
            >
              
                    
              <a
                href="http://cool-autumn.info"
                rel="noopener"
                target="_blank"
              >
                
                      empower global infrastructures
                    
              </a>
              
                  
            </span>
            
                  
            <span
              class="top-download__page-domain"
            >
              
                    cool-autumn.info
                  
            </span>
            
                  
            <span
              class="divider"
            >
              /
            </span>
            
                  
            <span
              class="top-download__file-location"
            >
              
                    
              <a
                href="https://serious-legitimacy.org"
                rel="noopener"
                target="_blank"
              >
                
                      download file
                    
              </a>
              
                  
            </span>
          </div>
          <div
            class="chart__bar-chart__item__value"
          >
            7,274
          </div>
          <div
            class="chart__bar-chart__item__bar bg-light-blue"
            style="width: 75%;"
          />
        </div>
        <div
          class="chart__bar-chart__item"
        >
          <div
            class="chart__bar-chart__item__label dark-grey text--overflow-ellipsis margin-right-8"
          >
            <span
              class="top-download__page-name"
            >
              
                    
              <a
                href="http://dramatic-quartz.org"
                rel="noopener"
                target="_blank"
              >
                
                      brand revolutionary paradigms
                    
              </a>
              
                  
            </span>
            
                  
            <span
              class="top-download__page-domain"
            >
              
                    dramatic-quartz.org
                  
            </span>
            
                  
            <span
              class="divider"
            >
              /
            </span>
            
                  
            <span
              class="top-download__file-location"
            >
              
                    
              <a
                href="https://noteworthy-dining.net"
                rel="noopener"
                target="_blank"
              >
                
                      download file
                    
              </a>
              
                  
            </span>
          </div>
          <div
            class="chart__bar-chart__item__value"
          >
            6,773
          </div>
          <div
            class="chart__bar-chart__item__bar bg-light-blue"
            style="width: 70%;"
          />
        </div>
        <div
          class="chart__bar-chart__item"
        >
          <div
            class="chart__bar-chart__item__label dark-grey text--overflow-ellipsis margin-right-8"
          >
            <span
              class="top-download__page-name"
            >
              
                    
              <a
                href="http://graceful-cabinet.name"
                rel="noopener"
                target="_blank"
              >
                
                      utilize best-of-breed users
                    
              </a>
              
                  
            </span>
            
                  
            <span
              class="top-download__page-domain"
            >
              
                    graceful-cabinet.name
                  
            </span>
            
                  
            <span
              class="divider"
            >
              /
            </span>
            
                  
            <span
              class="top-download__file-location"
            >
              
                    
              <a
                href="https://treasured-tangerine.biz"
                rel="noopener"
                target="_blank"
              >
                
                      download file
                    
              </a>
              
                  
            </span>
          </div>
          <div
            class="chart__bar-chart__item__value"
          >
            8,634
          </div>
          <div
            class="chart__bar-chart__item__bar bg-light-blue"
            style="width: 89%;"
          />
        </div>
      </div>
    </figure>
  </section>
  <section
    class="top-video-plays"
  >
    <div
      class="top-video-plays__headline"
    >
      <h3>
        Top Video Plays Last Week
      </h3>
    </div>
    <h4>
      <em>
        Video play data is unavailable for NASA hostnames.
      </em>
    </h4>
    <div />
  </section>
</DocumentFragment>
`;

exports[`TopDownloadsAndVideoPlays when data is not loaded renders a component in loading state 1`] = `
<DocumentFragment>
  <section
    class="top-downloads"
  >
    <div
      class="top-downloads__headline"
    >
      <h3>
        <a
          href="/definitions#report_yesterday_top_downloads"
        >
          Top 20 Downloads Last Week
        </a>
      </h3>
    </div>
    <h4>
      <em>
        Top file downloads over the last week on NASA hostnames.
      </em>
    </h4>
    <figure
      class="top-downloads__bar-chart"
    >
      <div
        class="data chart__bar-chart text--capitalize margin-top-4"
      />
    </figure>
  </section>
  <section
    class="top-video-plays"
  >
    <div
      class="top-video-plays__headline"
    >
      <h3>
        Top Video Plays Last Week
      </h3>
    </div>
    <h4>
      <em>
        Video play data is unavailable for NASA hostnames.
      </em>
    </h4>
    <div />
  </section>
</DocumentFragment>
`;

exports[`TopDownloadsAndVideoPlays when data loading has an error renders a component in error state 1`] = `
<DocumentFragment>
  <section
    class="top-downloads"
  >
    <div
      class="top-downloads__headline"
    >
      <h3>
        <a
          href="/definitions#report_yesterday_top_downloads"
        >
          Top 20 Downloads Last Week
        </a>
      </h3>
    </div>
    <h4>
      <em>
        Top file downloads over the last week on NASA hostnames.
      </em>
    </h4>
    <figure
      class="top-downloads__bar-chart"
    >
      <div
        class="data chart__bar-chart text--capitalize margin-top-4"
      />
    </figure>
  </section>
  <section
    class="top-video-plays"
  >
    <div
      class="top-video-plays__headline"
    >
      <h3>
        Top Video Plays Last Week
      </h3>
    </div>
    <h4>
      <em>
        Video play data is unavailable for NASA hostnames.
      </em>
    </h4>
    <div />
  </section>
</DocumentFragment>
`;
