// Jest Snapshot v1, https://goo.gl/fbAQLP

exports[`TopDownloadsAndVideoPlays when data is loaded and video play data has > 2 results renders a component with data loaded 1`] = `
<DocumentFragment>
  <section
    class="top-downloads"
  >
    <div
      class="top-downloads__headline"
    >
      <h3>
        <a
          href="/definitions#report_yesterday_top_downloads"
        >
          Top 10 Downloads Last Week
        </a>
      </h3>
    </div>
    <h4>
      <em>
        Top file downloads over the last week on NASA hostnames.
      </em>
    </h4>
    <figure
      class="top-downloads__bar-chart"
    >
      <div
        class="data chart__bar-chart"
      >
        <div
          class="chart__bar-chart__item"
        >
          <div
            class="chart__bar-chart__item__label"
          >
            <span
              class="name"
            >
              <a
                class="top-download-page"
                href="http://apt-metro.net"
                rel="noopener"
                target="_blank"
              >
                transform user-centric paradigms
              </a>
            </span>
             
            <span
              class="domain"
            >
              apt-metro.net
            </span>
             
            <span
              class="divider"
            >
              /
            </span>
             
            <span
              class="filename"
            >
              <a
                aria-label="pea_convict_alive.jsonld"
                class="top-download-file"
                href="https://apt-metro.netpea_convict_alive.jsonld"
                rel="noopener"
                target="_blank"
              >
                download file
              </a>
            </span>
          </div>
          <div
            class="chart__bar-chart__item__value"
          >
            9,667
          </div>
          <div
            class="chart__bar-chart__item__bar"
            style="width: 100%;"
          />
        </div>
        <div
          class="chart__bar-chart__item"
        >
          <div
            class="chart__bar-chart__item__label"
          >
            <span
              class="name"
            >
              <a
                class="top-download-page"
                href="http://drab-integer.org"
                rel="noopener"
                target="_blank"
              >
                scale holistic relationships
              </a>
            </span>
             
            <span
              class="domain"
            >
              drab-integer.org
            </span>
             
            <span
              class="divider"
            >
              /
            </span>
             
            <span
              class="filename"
            >
              <a
                aria-label="realistic_down_threadbare.midi"
                class="top-download-file"
                href="https://drab-integer.orgrealistic_down_threadbare.midi"
                rel="noopener"
                target="_blank"
              >
                download file
              </a>
            </span>
          </div>
          <div
            class="chart__bar-chart__item__value"
          >
            1,212
          </div>
          <div
            class="chart__bar-chart__item__bar"
            style="width: 13%;"
          />
        </div>
        <div
          class="chart__bar-chart__item"
        >
          <div
            class="chart__bar-chart__item__label"
          >
            <span
              class="name"
            >
              <a
                class="top-download-page"
                href="http://gruesome-command.org"
                rel="noopener"
                target="_blank"
              >
                synergize global bandwidth
              </a>
            </span>
             
            <span
              class="domain"
            >
              gruesome-command.org
            </span>
             
            <span
              class="divider"
            >
              /
            </span>
             
            <span
              class="filename"
            >
              <a
                aria-label="crime_outside.bz"
                class="top-download-file"
                href="https://gruesome-command.orgcrime_outside.bz"
                rel="noopener"
                target="_blank"
              >
                download file
              </a>
            </span>
          </div>
          <div
            class="chart__bar-chart__item__value"
          >
            1,322
          </div>
          <div
            class="chart__bar-chart__item__bar"
            style="width: 15%;"
          />
        </div>
        <div
          class="chart__bar-chart__item"
        >
          <div
            class="chart__bar-chart__item__label"
          >
            <span
              class="name"
            >
              <a
                class="top-download-page"
                href="http://remarkable-gateway.info"
                rel="noopener"
                target="_blank"
              >
                productize scalable niches
              </a>
            </span>
             
            <span
              class="domain"
            >
              remarkable-gateway.info
            </span>
             
            <span
              class="divider"
            >
              /
            </span>
             
            <span
              class="filename"
            >
              <a
                aria-label="ack.msi"
                class="top-download-file"
                href="https://remarkable-gateway.infoack.msi"
                rel="noopener"
                target="_blank"
              >
                download file
              </a>
            </span>
          </div>
          <div
            class="chart__bar-chart__item__value"
          >
            9,573
          </div>
          <div
            class="chart__bar-chart__item__bar"
            style="width: 99%;"
          />
        </div>
        <div
          class="chart__bar-chart__item"
        >
          <div
            class="chart__bar-chart__item__label"
          >
            <span
              class="name"
            >
              <a
                class="top-download-page"
                href="http://incomparable-corporation.org"
                rel="noopener"
                target="_blank"
              >
                synthesize collaborative blockchains
              </a>
            </span>
             
            <span
              class="domain"
            >
              incomparable-corporation.org
            </span>
             
            <span
              class="divider"
            >
              /
            </span>
             
            <span
              class="filename"
            >
              <a
                aria-label="atop_psst.pps"
                class="top-download-file"
                href="https://incomparable-corporation.orgatop_psst.pps"
                rel="noopener"
                target="_blank"
              >
                download file
              </a>
            </span>
          </div>
          <div
            class="chart__bar-chart__item__value"
          >
            1,329
          </div>
          <div
            class="chart__bar-chart__item__bar"
            style="width: 15%;"
          />
        </div>
        <div
          class="chart__bar-chart__item"
        >
          <div
            class="chart__bar-chart__item__label"
          >
            <span
              class="name"
            >
              <a
                class="top-download-page"
                href="http://dapper-espalier.info"
                rel="noopener"
                target="_blank"
              >
                cultivate global functionalities
              </a>
            </span>
             
            <span
              class="domain"
            >
              dapper-espalier.info
            </span>
             
            <span
              class="divider"
            >
              /
            </span>
             
            <span
              class="filename"
            >
              <a
                aria-label="judicious_or.pptx"
                class="top-download-file"
                href="https://dapper-espalier.infojudicious_or.pptx"
                rel="noopener"
                target="_blank"
              >
                download file
              </a>
            </span>
          </div>
          <div
            class="chart__bar-chart__item__value"
          >
            8,748
          </div>
          <div
            class="chart__bar-chart__item__bar"
            style="width: 91%;"
          />
        </div>
        <div
          class="chart__bar-chart__item"
        >
          <div
            class="chart__bar-chart__item__label"
          >
            <span
              class="name"
            >
              <a
                class="top-download-page"
                href="http://imaginative-soy.biz"
                rel="noopener"
                target="_blank"
              >
                synthesize leading-edge relationships
              </a>
            </span>
             
            <span
              class="domain"
            >
              imaginative-soy.biz
            </span>
             
            <span
              class="divider"
            >
              /
            </span>
             
            <span
              class="filename"
            >
              <a
                aria-label="failing_modulate.txt"
                class="top-download-file"
                href="https://imaginative-soy.bizfailing_modulate.txt"
                rel="noopener"
                target="_blank"
              >
                download file
              </a>
            </span>
          </div>
          <div
            class="chart__bar-chart__item__value"
          >
            462
          </div>
          <div
            class="chart__bar-chart__item__bar"
            style="width: 6%;"
          />
        </div>
        <div
          class="chart__bar-chart__item"
        >
          <div
            class="chart__bar-chart__item__label"
          >
            <span
              class="name"
            >
              <a
                class="top-download-page"
                href="http://juvenile-earthquake.name"
                rel="noopener"
                target="_blank"
              >
                redefine transparent eyeballs
              </a>
            </span>
             
            <span
              class="domain"
            >
              juvenile-earthquake.name
            </span>
             
            <span
              class="divider"
            >
              /
            </span>
             
            <span
              class="filename"
            >
              <a
                aria-label="awake_with_petition.xht"
                class="top-download-file"
                href="https://juvenile-earthquake.nameawake_with_petition.xht"
                rel="noopener"
                target="_blank"
              >
                download file
              </a>
            </span>
          </div>
          <div
            class="chart__bar-chart__item__value"
          >
            5,023
          </div>
          <div
            class="chart__bar-chart__item__bar"
            style="width: 52%;"
          />
        </div>
        <div
          class="chart__bar-chart__item"
        >
          <div
            class="chart__bar-chart__item__label"
          >
            <span
              class="name"
            >
              <a
                class="top-download-page"
                href="http://equal-bronze.com"
                rel="noopener"
                target="_blank"
              >
                engage best-of-breed initiatives
              </a>
            </span>
             
            <span
              class="domain"
            >
              equal-bronze.com
            </span>
             
            <span
              class="divider"
            >
              /
            </span>
             
            <span
              class="filename"
            >
              <a
                aria-label="yowza_although.ogg"
                class="top-download-file"
                href="https://equal-bronze.comyowza_although.ogg"
                rel="noopener"
                target="_blank"
              >
                download file
              </a>
            </span>
          </div>
          <div
            class="chart__bar-chart__item__value"
          >
            1,380
          </div>
          <div
            class="chart__bar-chart__item__bar"
            style="width: 15%;"
          />
        </div>
        <div
          class="chart__bar-chart__item"
        >
          <div
            class="chart__bar-chart__item__label"
          >
            <span
              class="name"
            >
              <a
                class="top-download-page"
                href="http://innocent-bail.name"
                rel="noopener"
                target="_blank"
              >
                transition B2C eyeballs
              </a>
            </span>
             
            <span
              class="domain"
            >
              innocent-bail.name
            </span>
             
            <span
              class="divider"
            >
              /
            </span>
             
            <span
              class="filename"
            >
              <a
                aria-label="by_boohoo.list"
                class="top-download-file"
                href="https://innocent-bail.nameby_boohoo.list"
                rel="noopener"
                target="_blank"
              >
                download file
              </a>
            </span>
          </div>
          <div
            class="chart__bar-chart__item__value"
          >
            4,697
          </div>
          <div
            class="chart__bar-chart__item__bar"
            style="width: 49%;"
          />
        </div>
      </div>
    </figure>
  </section>
  <section
    class="top-video-plays"
  >
    <div
      class="top-video-plays__headline"
    >
      <h3>
        Top 10 Video Plays Last Week
      </h3>
    </div>
    <h4>
      <em>
        Top videos played over the last week on NASA hostnames.
      </em>
    </h4>
    <figure
      class="top-video-plays__bar-chart"
    >
      <div
        class="data chart__bar-chart"
      >
        <div
          class="chart__bar-chart__item"
        >
          <div
            class="chart__bar-chart__item__label"
          >
            <a
              href="https://open-territory.name"
              rel="noopener"
              target="_blank"
            >
              engineer world-class networks
            </a>
          </div>
          <div
            class="chart__bar-chart__item__value"
          >
            7,410
          </div>
          <div
            class="chart__bar-chart__item__bar"
            style="width: 82%;"
          />
        </div>
        <div
          class="chart__bar-chart__item"
        >
          <div
            class="chart__bar-chart__item__label"
          >
            <a
              href="https://athletic-cellar.com"
              rel="noopener"
              target="_blank"
            >
              envisioneer cross-platform web services
            </a>
          </div>
          <div
            class="chart__bar-chart__item__value"
          >
            9,078
          </div>
          <div
            class="chart__bar-chart__item__bar"
            style="width: 100%;"
          />
        </div>
        <div
          class="chart__bar-chart__item"
        >
          <div
            class="chart__bar-chart__item__label"
          >
            <a
              href="https://difficult-resist.net"
              rel="noopener"
              target="_blank"
            >
              syndicate vertical technologies
            </a>
          </div>
          <div
            class="chart__bar-chart__item__value"
          >
            2,177
          </div>
          <div
            class="chart__bar-chart__item__bar"
            style="width: 25%;"
          />
        </div>
        <div
          class="chart__bar-chart__item"
        >
          <div
            class="chart__bar-chart__item__label"
          >
            <a
              href="https://haunting-shoes.biz"
              rel="noopener"
              target="_blank"
            >
              enable viral interfaces
            </a>
          </div>
          <div
            class="chart__bar-chart__item__value"
          >
            3,888
          </div>
          <div
            class="chart__bar-chart__item__bar"
            style="width: 43%;"
          />
        </div>
        <div
          class="chart__bar-chart__item"
        >
          <div
            class="chart__bar-chart__item__label"
          >
            <a
              href="https://jumbo-counselor.net"
              rel="noopener"
              target="_blank"
            >
              expedite out-of-the-box blockchains
            </a>
          </div>
          <div
            class="chart__bar-chart__item__value"
          >
            3,831
          </div>
          <div
            class="chart__bar-chart__item__bar"
            style="width: 43%;"
          />
        </div>
        <div
          class="chart__bar-chart__item"
        >
          <div
            class="chart__bar-chart__item__label"
          >
            <a
              href="https://lanky-gratitude.net"
              rel="noopener"
              target="_blank"
            >
              architect visionary paradigms
            </a>
          </div>
          <div
            class="chart__bar-chart__item__value"
          >
            5,994
          </div>
          <div
            class="chart__bar-chart__item__bar"
            style="width: 66%;"
          />
        </div>
        <div
          class="chart__bar-chart__item"
        >
          <div
            class="chart__bar-chart__item__label"
          >
            <a
              href="https://quaint-boycott.name"
              rel="noopener"
              target="_blank"
            >
              enable e-business initiatives
            </a>
          </div>
          <div
            class="chart__bar-chart__item__value"
          >
            3,288
          </div>
          <div
            class="chart__bar-chart__item__bar"
            style="width: 37%;"
          />
        </div>
        <div
          class="chart__bar-chart__item"
        >
          <div
            class="chart__bar-chart__item__label"
          >
            <a
              href="https://medical-detail.com"
              rel="noopener"
              target="_blank"
            >
              optimize enterprise metrics
            </a>
          </div>
          <div
            class="chart__bar-chart__item__value"
          >
            7,669
          </div>
          <div
            class="chart__bar-chart__item__bar"
            style="width: 85%;"
          />
        </div>
        <div
          class="chart__bar-chart__item"
        >
          <div
            class="chart__bar-chart__item__label"
          >
            <a
              href="https://oily-cloister.name"
              rel="noopener"
              target="_blank"
            >
              brand viral ROI
            </a>
          </div>
          <div
            class="chart__bar-chart__item__value"
          >
            6,760
          </div>
          <div
            class="chart__bar-chart__item__bar"
            style="width: 75%;"
          />
        </div>
        <div
          class="chart__bar-chart__item"
        >
          <div
            class="chart__bar-chart__item__label"
          >
            <a
              href="https://long-oeuvre.name"
              rel="noopener"
              target="_blank"
            >
              aggregate efficient lifetime value
            </a>
          </div>
          <div
            class="chart__bar-chart__item__value"
          >
            4,298
          </div>
          <div
            class="chart__bar-chart__item__bar"
            style="width: 48%;"
          />
        </div>
      </div>
    </figure>
  </section>
</DocumentFragment>
`;

exports[`TopDownloadsAndVideoPlays when data is loaded and video play data has 2 results renders a component with data loaded 1`] = `
<DocumentFragment>
  <section
    class="top-downloads"
  >
    <div
      class="top-downloads__headline"
    >
      <h3>
        <a
          href="/definitions#report_yesterday_top_downloads"
        >
          Top 20 Downloads Last Week
        </a>
      </h3>
    </div>
    <h4>
      <em>
        Top file downloads over the last week on NASA hostnames.
      </em>
    </h4>
    <figure
      class="top-downloads__bar-chart"
    >
      <div
        class="data chart__bar-chart"
      >
        <div
          class="chart__bar-chart__item"
        >
          <div
            class="chart__bar-chart__item__label"
          >
            <span
              class="name"
            >
              <a
                class="top-download-page"
                href="http://healthy-wedding.com"
                rel="noopener"
                target="_blank"
              >
                matrix turn-key architectures
              </a>
            </span>
             
            <span
              class="domain"
            >
              healthy-wedding.com
            </span>
             
            <span
              class="divider"
            >
              /
            </span>
             
            <span
              class="filename"
            >
              <a
                aria-label="grate.dist"
                class="top-download-file"
                href="https://healthy-wedding.comgrate.dist"
                rel="noopener"
                target="_blank"
              >
                download file
              </a>
            </span>
          </div>
          <div
            class="chart__bar-chart__item__value"
          >
            8,270
          </div>
          <div
            class="chart__bar-chart__item__bar"
            style="width: 84%;"
          />
        </div>
        <div
          class="chart__bar-chart__item"
        >
          <div
            class="chart__bar-chart__item__label"
          >
            <span
              class="name"
            >
              <a
                class="top-download-page"
                href="http://grandiose-maker.info"
                rel="noopener"
                target="_blank"
              >
                enhance world-class web services
              </a>
            </span>
             
            <span
              class="domain"
            >
              grandiose-maker.info
            </span>
             
            <span
              class="divider"
            >
              /
            </span>
             
            <span
              class="filename"
            >
              <a
                aria-label="tremendously_foolishly_considerate.mp2a"
                class="top-download-file"
                href="https://grandiose-maker.infotremendously_foolishly_considerate.mp2a"
                rel="noopener"
                target="_blank"
              >
                download file
              </a>
            </span>
          </div>
          <div
            class="chart__bar-chart__item__value"
          >
            635
          </div>
          <div
            class="chart__bar-chart__item__bar"
            style="width: 7%;"
          />
        </div>
        <div
          class="chart__bar-chart__item"
        >
          <div
            class="chart__bar-chart__item__label"
          >
            <span
              class="name"
            >
              <a
                class="top-download-page"
                href="http://demanding-clipboard.info"
                rel="noopener"
                target="_blank"
              >
                mesh innovative mindshare
              </a>
            </span>
             
            <span
              class="domain"
            >
              demanding-clipboard.info
            </span>
             
            <span
              class="divider"
            >
              /
            </span>
             
            <span
              class="filename"
            >
              <a
                aria-label="discard_minus.mp2"
                class="top-download-file"
                href="https://demanding-clipboard.infodiscard_minus.mp2"
                rel="noopener"
                target="_blank"
              >
                download file
              </a>
            </span>
          </div>
          <div
            class="chart__bar-chart__item__value"
          >
            2,948
          </div>
          <div
            class="chart__bar-chart__item__bar"
            style="width: 31%;"
          />
        </div>
        <div
          class="chart__bar-chart__item"
        >
          <div
            class="chart__bar-chart__item__label"
          >
            <span
              class="name"
            >
              <a
                class="top-download-page"
                href="http://rotten-dad.info"
                rel="noopener"
                target="_blank"
              >
                seize real-time technologies
              </a>
            </span>
             
            <span
              class="domain"
            >
              rotten-dad.info
            </span>
             
            <span
              class="divider"
            >
              /
            </span>
             
            <span
              class="filename"
            >
              <a
                aria-label="up_grace_doubtfully.m2v"
                class="top-download-file"
                href="https://rotten-dad.infoup_grace_doubtfully.m2v"
                rel="noopener"
                target="_blank"
              >
                download file
              </a>
            </span>
          </div>
          <div
            class="chart__bar-chart__item__value"
          >
            7,945
          </div>
          <div
            class="chart__bar-chart__item__bar"
            style="width: 81%;"
          />
        </div>
        <div
          class="chart__bar-chart__item"
        >
          <div
            class="chart__bar-chart__item__label"
          >
            <span
              class="name"
            >
              <a
                class="top-download-page"
                href="http://conscious-chord.com"
                rel="noopener"
                target="_blank"
              >
                utilize revolutionary users
              </a>
            </span>
             
            <span
              class="domain"
            >
              conscious-chord.com
            </span>
             
            <span
              class="divider"
            >
              /
            </span>
             
            <span
              class="filename"
            >
              <a
                aria-label="per.ini"
                class="top-download-file"
                href="https://conscious-chord.comper.ini"
                rel="noopener"
                target="_blank"
              >
                download file
              </a>
            </span>
          </div>
          <div
            class="chart__bar-chart__item__value"
          >
            4,884
          </div>
          <div
            class="chart__bar-chart__item__bar"
            style="width: 50%;"
          />
        </div>
        <div
          class="chart__bar-chart__item"
        >
          <div
            class="chart__bar-chart__item__label"
          >
            <span
              class="name"
            >
              <a
                class="top-download-page"
                href="http://strong-burn-out.com"
                rel="noopener"
                target="_blank"
              >
                scale magnetic metrics
              </a>
            </span>
             
            <span
              class="domain"
            >
              strong-burn-out.com
            </span>
             
            <span
              class="divider"
            >
              /
            </span>
             
            <span
              class="filename"
            >
              <a
                aria-label="hastily.dll"
                class="top-download-file"
                href="https://strong-burn-out.comhastily.dll"
                rel="noopener"
                target="_blank"
              >
                download file
              </a>
            </span>
          </div>
          <div
            class="chart__bar-chart__item__value"
          >
            2,680
          </div>
          <div
            class="chart__bar-chart__item__bar"
            style="width: 28%;"
          />
        </div>
        <div
          class="chart__bar-chart__item"
        >
          <div
            class="chart__bar-chart__item__label"
          >
            <span
              class="name"
            >
              <a
                class="top-download-page"
                href="http://wasteful-temptation.biz"
                rel="noopener"
                target="_blank"
              >
                facilitate back-end solutions
              </a>
            </span>
             
            <span
              class="domain"
            >
              wasteful-temptation.biz
            </span>
             
            <span
              class="divider"
            >
              /
            </span>
             
            <span
              class="filename"
            >
              <a
                aria-label="casket.webm"
                class="top-download-file"
                href="https://wasteful-temptation.bizcasket.webm"
                rel="noopener"
                target="_blank"
              >
                download file
              </a>
            </span>
          </div>
          <div
            class="chart__bar-chart__item__value"
          >
            9,104
          </div>
          <div
            class="chart__bar-chart__item__bar"
            style="width: 92%;"
          />
        </div>
        <div
          class="chart__bar-chart__item"
        >
          <div
            class="chart__bar-chart__item__label"
          >
            <span
              class="name"
            >
              <a
                class="top-download-page"
                href="http://sore-event.name"
                rel="noopener"
                target="_blank"
              >
                streamline global ROI
              </a>
            </span>
             
            <span
              class="domain"
            >
              sore-event.name
            </span>
             
            <span
              class="divider"
            >
              /
            </span>
             
            <span
              class="filename"
            >
              <a
                aria-label="author_regale_describe.js"
                class="top-download-file"
                href="https://sore-event.nameauthor_regale_describe.js"
                rel="noopener"
                target="_blank"
              >
                download file
              </a>
            </span>
          </div>
          <div
            class="chart__bar-chart__item__value"
          >
            2,878
          </div>
          <div
            class="chart__bar-chart__item__bar"
            style="width: 30%;"
          />
        </div>
        <div
          class="chart__bar-chart__item"
        >
          <div
            class="chart__bar-chart__item__label"
          >
            <span
              class="name"
            >
              <a
                class="top-download-page"
                href="http://plush-company.info"
                rel="noopener"
                target="_blank"
              >
                engage transparent initiatives
              </a>
            </span>
             
            <span
              class="domain"
            >
              plush-company.info
            </span>
             
            <span
              class="divider"
            >
              /
            </span>
             
            <span
              class="filename"
            >
              <a
                aria-label="clearly.bpk"
                class="top-download-file"
                href="https://plush-company.infoclearly.bpk"
                rel="noopener"
                target="_blank"
              >
                download file
              </a>
            </span>
          </div>
          <div
            class="chart__bar-chart__item__value"
          >
            5,638
          </div>
          <div
            class="chart__bar-chart__item__bar"
            style="width: 58%;"
          />
        </div>
        <div
          class="chart__bar-chart__item"
        >
          <div
            class="chart__bar-chart__item__label"
          >
            <span
              class="name"
            >
              <a
                class="top-download-page"
                href="http://outstanding-mouth.biz"
                rel="noopener"
                target="_blank"
              >
                enable customized solutions
              </a>
            </span>
             
            <span
              class="domain"
            >
              outstanding-mouth.biz
            </span>
             
            <span
              class="divider"
            >
              /
            </span>
             
            <span
              class="filename"
            >
              <a
                aria-label="how_filter.mp4v"
                class="top-download-file"
                href="https://outstanding-mouth.bizhow_filter.mp4v"
                rel="noopener"
                target="_blank"
              >
                download file
              </a>
            </span>
          </div>
          <div
            class="chart__bar-chart__item__value"
          >
            1,262
          </div>
          <div
            class="chart__bar-chart__item__bar"
            style="width: 14%;"
          />
        </div>
        <div
          class="chart__bar-chart__item"
        >
          <div
            class="chart__bar-chart__item__label"
          >
            <span
              class="name"
            >
              <a
                class="top-download-page"
                href="http://doting-drizzle.name"
                rel="noopener"
                target="_blank"
              >
                monetize extensible initiatives
              </a>
            </span>
             
            <span
              class="domain"
            >
              doting-drizzle.name
            </span>
             
            <span
              class="divider"
            >
              /
            </span>
             
            <span
              class="filename"
            >
              <a
                aria-label="kind_nearer_although.dist"
                class="top-download-file"
                href="https://doting-drizzle.namekind_nearer_although.dist"
                rel="noopener"
                target="_blank"
              >
                download file
              </a>
            </span>
          </div>
          <div
            class="chart__bar-chart__item__value"
          >
            5,981
          </div>
          <div
            class="chart__bar-chart__item__bar"
            style="width: 61%;"
          />
        </div>
        <div
          class="chart__bar-chart__item"
        >
          <div
            class="chart__bar-chart__item__label"
          >
            <span
              class="name"
            >
              <a
                class="top-download-page"
                href="http://honored-freak.name"
                rel="noopener"
                target="_blank"
              >
                implement clicks-and-mortar e-commerce
              </a>
            </span>
             
            <span
              class="domain"
            >
              honored-freak.name
            </span>
             
            <span
              class="divider"
            >
              /
            </span>
             
            <span
              class="filename"
            >
              <a
                aria-label="original_but.m2a"
                class="top-download-file"
                href="https://honored-freak.nameoriginal_but.m2a"
                rel="noopener"
                target="_blank"
              >
                download file
              </a>
            </span>
          </div>
          <div
            class="chart__bar-chart__item__value"
          >
            3,477
          </div>
          <div
            class="chart__bar-chart__item__bar"
            style="width: 36%;"
          />
        </div>
        <div
          class="chart__bar-chart__item"
        >
          <div
            class="chart__bar-chart__item__label"
          >
            <span
              class="name"
            >
              <a
                class="top-download-page"
                href="http://true-glockenspiel.name"
                rel="noopener"
                target="_blank"
              >
                synergize best-of-breed schemas
              </a>
            </span>
             
            <span
              class="domain"
            >
              true-glockenspiel.name
            </span>
             
            <span
              class="divider"
            >
              /
            </span>
             
            <span
              class="filename"
            >
              <a
                aria-label="ha_translate_after.distz"
                class="top-download-file"
                href="https://true-glockenspiel.nameha_translate_after.distz"
                rel="noopener"
                target="_blank"
              >
                download file
              </a>
            </span>
          </div>
          <div
            class="chart__bar-chart__item__value"
          >
            4,499
          </div>
          <div
            class="chart__bar-chart__item__bar"
            style="width: 46%;"
          />
        </div>
        <div
          class="chart__bar-chart__item"
        >
          <div
            class="chart__bar-chart__item__label"
          >
            <span
              class="name"
            >
              <a
                class="top-download-page"
                href="http://tart-relay.org"
                rel="noopener"
                target="_blank"
              >
                harness one-to-one solutions
              </a>
            </span>
             
            <span
              class="domain"
            >
              tart-relay.org
            </span>
             
            <span
              class="divider"
            >
              /
            </span>
             
            <span
              class="filename"
            >
              <a
                aria-label="sanction_ew_glorious.xul"
                class="top-download-file"
                href="https://tart-relay.orgsanction_ew_glorious.xul"
                rel="noopener"
                target="_blank"
              >
                download file
              </a>
            </span>
          </div>
          <div
            class="chart__bar-chart__item__value"
          >
            9,852
          </div>
          <div
            class="chart__bar-chart__item__bar"
            style="width: 100%;"
          />
        </div>
        <div
          class="chart__bar-chart__item"
        >
          <div
            class="chart__bar-chart__item__label"
          >
            <span
              class="name"
            >
              <a
                class="top-download-page"
                href="http://spirited-sanctuary.biz"
                rel="noopener"
                target="_blank"
              >
                morph e-business technologies
              </a>
            </span>
             
            <span
              class="domain"
            >
              spirited-sanctuary.biz
            </span>
             
            <span
              class="divider"
            >
              /
            </span>
             
            <span
              class="filename"
            >
              <a
                aria-label="vivid_elk_sleepy.midi"
                class="top-download-file"
                href="https://spirited-sanctuary.bizvivid_elk_sleepy.midi"
                rel="noopener"
                target="_blank"
              >
                download file
              </a>
            </span>
          </div>
          <div
            class="chart__bar-chart__item__value"
          >
            6,688
          </div>
          <div
            class="chart__bar-chart__item__bar"
            style="width: 68%;"
          />
        </div>
        <div
          class="chart__bar-chart__item"
        >
          <div
            class="chart__bar-chart__item__label"
          >
            <span
              class="name"
            >
              <a
                class="top-download-page"
                href="http://hilarious-destiny.info"
                rel="noopener"
                target="_blank"
              >
                engage web-enabled functionalities
              </a>
            </span>
             
            <span
              class="domain"
            >
              hilarious-destiny.info
            </span>
             
            <span
              class="divider"
            >
              /
            </span>
             
            <span
              class="filename"
            >
              <a
                aria-label="emphasize_psst.pps"
                class="top-download-file"
                href="https://hilarious-destiny.infoemphasize_psst.pps"
                rel="noopener"
                target="_blank"
              >
                download file
              </a>
            </span>
          </div>
          <div
            class="chart__bar-chart__item__value"
          >
            9,811
          </div>
          <div
            class="chart__bar-chart__item__bar"
            style="width: 100%;"
          />
        </div>
        <div
          class="chart__bar-chart__item"
        >
          <div
            class="chart__bar-chart__item__label"
          >
            <span
              class="name"
            >
              <a
                class="top-download-page"
                href="http://intent-elbow.net"
                rel="noopener"
                target="_blank"
              >
                seize viral solutions
              </a>
            </span>
             
            <span
              class="domain"
            >
              intent-elbow.net
            </span>
             
            <span
              class="divider"
            >
              /
            </span>
             
            <span
              class="filename"
            >
              <a
                aria-label="regarding_retention.zip"
                class="top-download-file"
                href="https://intent-elbow.netregarding_retention.zip"
                rel="noopener"
                target="_blank"
              >
                download file
              </a>
            </span>
          </div>
          <div
            class="chart__bar-chart__item__value"
          >
            4,782
          </div>
          <div
            class="chart__bar-chart__item__bar"
            style="width: 49%;"
          />
        </div>
        <div
          class="chart__bar-chart__item"
        >
          <div
            class="chart__bar-chart__item__label"
          >
            <span
              class="name"
            >
              <a
                class="top-download-page"
                href="http://rude-war.name"
                rel="noopener"
                target="_blank"
              >
                synergize wireless synergies
              </a>
            </span>
             
            <span
              class="domain"
            >
              rude-war.name
            </span>
             
            <span
              class="divider"
            >
              /
            </span>
             
            <span
              class="filename"
            >
              <a
                aria-label="safely_heavenly_rumour.json"
                class="top-download-file"
                href="https://rude-war.namesafely_heavenly_rumour.json"
                rel="noopener"
                target="_blank"
              >
                download file
              </a>
            </span>
          </div>
          <div
            class="chart__bar-chart__item__value"
          >
            9,186
          </div>
          <div
            class="chart__bar-chart__item__bar"
            style="width: 93%;"
          />
        </div>
        <div
          class="chart__bar-chart__item"
        >
          <div
            class="chart__bar-chart__item__label"
          >
            <span
              class="name"
            >
              <a
                class="top-download-page"
                href="http://productive-crocodile.org"
                rel="noopener"
                target="_blank"
              >
                matrix frictionless bandwidth
              </a>
            </span>
             
            <span
              class="domain"
            >
              productive-crocodile.org
            </span>
             
            <span
              class="divider"
            >
              /
            </span>
             
            <span
              class="filename"
            >
              <a
                aria-label="mmm_ah_aha.list"
                class="top-download-file"
                href="https://productive-crocodile.orgmmm_ah_aha.list"
                rel="noopener"
                target="_blank"
              >
                download file
              </a>
            </span>
          </div>
          <div
            class="chart__bar-chart__item__value"
          >
            367
          </div>
          <div
            class="chart__bar-chart__item__bar"
            style="width: 5%;"
          />
        </div>
        <div
          class="chart__bar-chart__item"
        >
          <div
            class="chart__bar-chart__item__label"
          >
            <span
              class="name"
            >
              <a
                class="top-download-page"
                href="http://clear-cut-disappointment.info"
                rel="noopener"
                target="_blank"
              >
                brand killer web services
              </a>
            </span>
             
            <span
              class="domain"
            >
              clear-cut-disappointment.info
            </span>
             
            <span
              class="divider"
            >
              /
            </span>
             
            <span
              class="filename"
            >
              <a
                aria-label="busy_under_under.arc"
                class="top-download-file"
                href="https://clear-cut-disappointment.infobusy_under_under.arc"
                rel="noopener"
                target="_blank"
              >
                download file
              </a>
            </span>
          </div>
          <div
            class="chart__bar-chart__item__value"
          >
            5,399
          </div>
          <div
            class="chart__bar-chart__item__bar"
            style="width: 55%;"
          />
        </div>
      </div>
    </figure>
  </section>
  <section
    class="top-video-plays"
  >
    <div
      class="top-video-plays__headline"
    >
      <h3>
        Top Video Plays Last Week
      </h3>
    </div>
    <h4>
      <em>
        Video play data is unavailable for NASA hostnames.
      </em>
    </h4>
    <div />
  </section>
</DocumentFragment>
`;

exports[`TopDownloadsAndVideoPlays when data is loaded and video play data is empty renders a component with data loaded 1`] = `
<DocumentFragment>
  <section
    class="top-downloads"
  >
    <div
      class="top-downloads__headline"
    >
      <h3>
        <a
          href="/definitions#report_yesterday_top_downloads"
        >
          Top 20 Downloads Last Week
        </a>
      </h3>
    </div>
    <h4>
      <em>
        Top file downloads over the last week on NASA hostnames.
      </em>
    </h4>
    <figure
      class="top-downloads__bar-chart"
    >
      <div
        class="data chart__bar-chart"
      >
        <div
          class="chart__bar-chart__item"
        >
          <div
            class="chart__bar-chart__item__label"
          >
            <span
              class="name"
            >
              <a
                class="top-download-page"
                href="http://jagged-oatmeal.biz"
                rel="noopener"
                target="_blank"
              >
                deploy virtual synergies
              </a>
            </span>
             
            <span
              class="domain"
            >
              jagged-oatmeal.biz
            </span>
             
            <span
              class="divider"
            >
              /
            </span>
             
            <span
              class="filename"
            >
              <a
                aria-label="inwardly.avif"
                class="top-download-file"
                href="https://jagged-oatmeal.bizinwardly.avif"
                rel="noopener"
                target="_blank"
              >
                download file
              </a>
            </span>
          </div>
          <div
            class="chart__bar-chart__item__value"
          >
            8,997
          </div>
          <div
            class="chart__bar-chart__item__bar"
            style="width: 98%;"
          />
        </div>
        <div
          class="chart__bar-chart__item"
        >
          <div
            class="chart__bar-chart__item__label"
          >
            <span
              class="name"
            >
              <a
                class="top-download-page"
                href="http://swift-chess.org"
                rel="noopener"
                target="_blank"
              >
                leverage back-end paradigms
              </a>
            </span>
             
            <span
              class="domain"
            >
              swift-chess.org
            </span>
             
            <span
              class="divider"
            >
              /
            </span>
             
            <span
              class="filename"
            >
              <a
                aria-label="partial_as_feminize.pkg"
                class="top-download-file"
                href="https://swift-chess.orgpartial_as_feminize.pkg"
                rel="noopener"
                target="_blank"
              >
                download file
              </a>
            </span>
          </div>
          <div
            class="chart__bar-chart__item__value"
          >
            9,071
          </div>
          <div
            class="chart__bar-chart__item__bar"
            style="width: 98%;"
          />
        </div>
        <div
          class="chart__bar-chart__item"
        >
          <div
            class="chart__bar-chart__item__label"
          >
            <span
              class="name"
            >
              <a
                class="top-download-page"
                href="http://costly-journalist.net"
                rel="noopener"
                target="_blank"
              >
                orchestrate efficient applications
              </a>
            </span>
             
            <span
              class="domain"
            >
              costly-journalist.net
            </span>
             
            <span
              class="divider"
            >
              /
            </span>
             
            <span
              class="filename"
            >
              <a
                aria-label="inasmuch_drain.ogv"
                class="top-download-file"
                href="https://costly-journalist.netinasmuch_drain.ogv"
                rel="noopener"
                target="_blank"
              >
                download file
              </a>
            </span>
          </div>
          <div
            class="chart__bar-chart__item__value"
          >
            8,505
          </div>
          <div
            class="chart__bar-chart__item__bar"
            style="width: 92%;"
          />
        </div>
        <div
          class="chart__bar-chart__item"
        >
          <div
            class="chart__bar-chart__item__label"
          >
            <span
              class="name"
            >
              <a
                class="top-download-page"
                href="http://striped-twilight.name"
                rel="noopener"
                target="_blank"
              >
                mesh frictionless networks
              </a>
            </span>
             
            <span
              class="domain"
            >
              striped-twilight.name
            </span>
             
            <span
              class="divider"
            >
              /
            </span>
             
            <span
              class="filename"
            >
              <a
                aria-label="so.mp4"
                class="top-download-file"
                href="https://striped-twilight.nameso.mp4"
                rel="noopener"
                target="_blank"
              >
                download file
              </a>
            </span>
          </div>
          <div
            class="chart__bar-chart__item__value"
          >
            7,699
          </div>
          <div
            class="chart__bar-chart__item__bar"
            style="width: 84%;"
          />
        </div>
        <div
          class="chart__bar-chart__item"
        >
          <div
            class="chart__bar-chart__item__label"
          >
            <span
              class="name"
            >
              <a
                class="top-download-page"
                href="http://medical-conductor.net"
                rel="noopener"
                target="_blank"
              >
                engineer world-class networks
              </a>
            </span>
             
            <span
              class="domain"
            >
              medical-conductor.net
            </span>
             
            <span
              class="divider"
            >
              /
            </span>
             
            <span
              class="filename"
            >
              <a
                aria-label="jelly_woot.svg"
                class="top-download-file"
                href="https://medical-conductor.netjelly_woot.svg"
                rel="noopener"
                target="_blank"
              >
                download file
              </a>
            </span>
          </div>
          <div
            class="chart__bar-chart__item__value"
          >
            1,142
          </div>
          <div
            class="chart__bar-chart__item__bar"
            style="width: 13%;"
          />
        </div>
        <div
          class="chart__bar-chart__item"
        >
          <div
            class="chart__bar-chart__item__label"
          >
            <span
              class="name"
            >
              <a
                class="top-download-page"
                href="http://fatal-subscription.name"
                rel="noopener"
                target="_blank"
              >
                envisioneer cross-platform web services
              </a>
            </span>
             
            <span
              class="domain"
            >
              fatal-subscription.name
            </span>
             
            <span
              class="divider"
            >
              /
            </span>
             
            <span
              class="filename"
            >
              <a
                aria-label="inquisitively.ods"
                class="top-download-file"
                href="https://fatal-subscription.nameinquisitively.ods"
                rel="noopener"
                target="_blank"
              >
                download file
              </a>
            </span>
          </div>
          <div
            class="chart__bar-chart__item__value"
          >
            5,030
          </div>
          <div
            class="chart__bar-chart__item__bar"
            style="width: 55%;"
          />
        </div>
        <div
          class="chart__bar-chart__item"
        >
          <div
            class="chart__bar-chart__item__label"
          >
            <span
              class="name"
            >
              <a
                class="top-download-page"
                href="http://pleasing-ramie.biz"
                rel="noopener"
                target="_blank"
              >
                syndicate vertical technologies
              </a>
            </span>
             
            <span
              class="domain"
            >
              pleasing-ramie.biz
            </span>
             
            <span
              class="divider"
            >
              /
            </span>
             
            <span
              class="filename"
            >
              <a
                aria-label="applaud.img"
                class="top-download-file"
                href="https://pleasing-ramie.bizapplaud.img"
                rel="noopener"
                target="_blank"
              >
                download file
              </a>
            </span>
          </div>
          <div
            class="chart__bar-chart__item__value"
          >
            6,966
          </div>
          <div
            class="chart__bar-chart__item__bar"
            style="width: 76%;"
          />
        </div>
        <div
          class="chart__bar-chart__item"
        >
          <div
            class="chart__bar-chart__item__label"
          >
            <span
              class="name"
            >
              <a
                class="top-download-page"
                href="http://ornery-thaw.org"
                rel="noopener"
                target="_blank"
              >
                enable viral interfaces
              </a>
            </span>
             
            <span
              class="domain"
            >
              ornery-thaw.org
            </span>
             
            <span
              class="divider"
            >
              /
            </span>
             
            <span
              class="filename"
            >
              <a
                aria-label="blah_wherever.dms"
                class="top-download-file"
                href="https://ornery-thaw.orgblah_wherever.dms"
                rel="noopener"
                target="_blank"
              >
                download file
              </a>
            </span>
          </div>
          <div
            class="chart__bar-chart__item__value"
          >
            5,602
          </div>
          <div
            class="chart__bar-chart__item__bar"
            style="width: 61%;"
          />
        </div>
        <div
          class="chart__bar-chart__item"
        >
          <div
            class="chart__bar-chart__item__label"
          >
            <span
              class="name"
            >
              <a
                class="top-download-page"
                href="http://watchful-maelstrom.org"
                rel="noopener"
                target="_blank"
              >
                expedite out-of-the-box blockchains
              </a>
            </span>
             
            <span
              class="domain"
            >
              watchful-maelstrom.org
            </span>
             
            <span
              class="divider"
            >
              /
            </span>
             
            <span
              class="filename"
            >
              <a
                aria-label="safe_dear.distz"
                class="top-download-file"
                href="https://watchful-maelstrom.orgsafe_dear.distz"
                rel="noopener"
                target="_blank"
              >
                download file
              </a>
            </span>
          </div>
          <div
            class="chart__bar-chart__item__value"
          >
            9,217
          </div>
          <div
            class="chart__bar-chart__item__bar"
            style="width: 100%;"
          />
        </div>
        <div
          class="chart__bar-chart__item"
        >
          <div
            class="chart__bar-chart__item__label"
          >
            <span
              class="name"
            >
              <a
                class="top-download-page"
                href="http://puny-protocol.org"
                rel="noopener"
                target="_blank"
              >
                architect visionary paradigms
              </a>
            </span>
             
            <span
              class="domain"
            >
              puny-protocol.org
            </span>
             
            <span
              class="divider"
            >
              /
            </span>
             
            <span
              class="filename"
            >
              <a
                aria-label="around_psst.mid"
                class="top-download-file"
                href="https://puny-protocol.orgaround_psst.mid"
                rel="noopener"
                target="_blank"
              >
                download file
              </a>
            </span>
          </div>
          <div
            class="chart__bar-chart__item__value"
          >
            4,865
          </div>
          <div
            class="chart__bar-chart__item__bar"
            style="width: 53%;"
          />
        </div>
        <div
          class="chart__bar-chart__item"
        >
          <div
            class="chart__bar-chart__item__label"
          >
            <span
              class="name"
            >
              <a
                class="top-download-page"
                href="http://potable-cot.org"
                rel="noopener"
                target="_blank"
              >
                enable e-business initiatives
              </a>
            </span>
             
            <span
              class="domain"
            >
              potable-cot.org
            </span>
             
            <span
              class="divider"
            >
              /
            </span>
             
            <span
              class="filename"
            >
              <a
                aria-label="per_furiously.odp"
                class="top-download-file"
                href="https://potable-cot.orgper_furiously.odp"
                rel="noopener"
                target="_blank"
              >
                download file
              </a>
            </span>
          </div>
          <div
            class="chart__bar-chart__item__value"
          >
            2,121
          </div>
          <div
            class="chart__bar-chart__item__bar"
            style="width: 24%;"
          />
        </div>
        <div
          class="chart__bar-chart__item"
        >
          <div
            class="chart__bar-chart__item__label"
          >
            <span
              class="name"
            >
              <a
                class="top-download-page"
                href="http://creepy-yin.biz"
                rel="noopener"
                target="_blank"
              >
                optimize enterprise metrics
              </a>
            </span>
             
            <span
              class="domain"
            >
              creepy-yin.biz
            </span>
             
            <span
              class="divider"
            >
              /
            </span>
             
            <span
              class="filename"
            >
              <a
                aria-label="among_frightfully.m2a"
                class="top-download-file"
                href="https://creepy-yin.bizamong_frightfully.m2a"
                rel="noopener"
                target="_blank"
              >
                download file
              </a>
            </span>
          </div>
          <div
            class="chart__bar-chart__item__value"
          >
            1,804
          </div>
          <div
            class="chart__bar-chart__item__bar"
            style="width: 20%;"
          />
        </div>
        <div
          class="chart__bar-chart__item"
        >
          <div
            class="chart__bar-chart__item__label"
          >
            <span
              class="name"
            >
              <a
                class="top-download-page"
                href="http://untried-morphology.net"
                rel="noopener"
                target="_blank"
              >
                brand viral ROI
              </a>
            </span>
             
            <span
              class="domain"
            >
              untried-morphology.net
            </span>
             
            <span
              class="divider"
            >
              /
            </span>
             
            <span
              class="filename"
            >
              <a
                aria-label="home_seemingly.map"
                class="top-download-file"
                href="https://untried-morphology.nethome_seemingly.map"
                rel="noopener"
                target="_blank"
              >
                download file
              </a>
            </span>
          </div>
          <div
            class="chart__bar-chart__item__value"
          >
            7,889
          </div>
          <div
            class="chart__bar-chart__item__bar"
            style="width: 86%;"
          />
        </div>
        <div
          class="chart__bar-chart__item"
        >
          <div
            class="chart__bar-chart__item__label"
          >
            <span
              class="name"
            >
              <a
                class="top-download-page"
                href="http://outstanding-apparatus.info"
                rel="noopener"
                target="_blank"
              >
                aggregate efficient lifetime value
              </a>
            </span>
             
            <span
              class="domain"
            >
              outstanding-apparatus.info
            </span>
             
            <span
              class="divider"
            >
              /
            </span>
             
            <span
              class="filename"
            >
              <a
                aria-label="macerate_zealous.rtf"
                class="top-download-file"
                href="https://outstanding-apparatus.infomacerate_zealous.rtf"
                rel="noopener"
                target="_blank"
              >
                download file
              </a>
            </span>
          </div>
          <div
            class="chart__bar-chart__item__value"
          >
            3,102
          </div>
          <div
            class="chart__bar-chart__item__bar"
            style="width: 34%;"
          />
        </div>
        <div
          class="chart__bar-chart__item"
        >
          <div
            class="chart__bar-chart__item__label"
          >
            <span
              class="name"
            >
              <a
                class="top-download-page"
                href="http://pointed-seller.org"
                rel="noopener"
                target="_blank"
              >
                matrix intuitive networks
              </a>
            </span>
             
            <span
              class="domain"
            >
              pointed-seller.org
            </span>
             
            <span
              class="divider"
            >
              /
            </span>
             
            <span
              class="filename"
            >
              <a
                aria-label="slate.zip"
                class="top-download-file"
                href="https://pointed-seller.orgslate.zip"
                rel="noopener"
                target="_blank"
              >
                download file
              </a>
            </span>
          </div>
          <div
            class="chart__bar-chart__item__value"
          >
            1,796
          </div>
          <div
            class="chart__bar-chart__item__bar"
            style="width: 20%;"
          />
        </div>
        <div
          class="chart__bar-chart__item"
        >
          <div
            class="chart__bar-chart__item__label"
          >
            <span
              class="name"
            >
              <a
                class="top-download-page"
                href="http://respectful-upward.info"
                rel="noopener"
                target="_blank"
              >
                streamline bleeding-edge functionalities
              </a>
            </span>
             
            <span
              class="domain"
            >
              respectful-upward.info
            </span>
             
            <span
              class="divider"
            >
              /
            </span>
             
            <span
              class="filename"
            >
              <a
                aria-label="gah_brutalize_definite.7z"
                class="top-download-file"
                href="https://respectful-upward.infogah_brutalize_definite.7z"
                rel="noopener"
                target="_blank"
              >
                download file
              </a>
            </span>
          </div>
          <div
            class="chart__bar-chart__item__value"
          >
            108
          </div>
          <div
            class="chart__bar-chart__item__bar"
            style="width: 2%;"
          />
        </div>
        <div
          class="chart__bar-chart__item"
        >
          <div
            class="chart__bar-chart__item__label"
          >
            <span
              class="name"
            >
              <a
                class="top-download-page"
                href="http://nice-nonsense.biz"
                rel="noopener"
                target="_blank"
              >
                e-enable revolutionary web services
              </a>
            </span>
             
            <span
              class="domain"
            >
              nice-nonsense.biz
            </span>
             
            <span
              class="divider"
            >
              /
            </span>
             
            <span
              class="filename"
            >
              <a
                aria-label="adventurously_note_incision.mp3"
                class="top-download-file"
                href="https://nice-nonsense.bizadventurously_note_incision.mp3"
                rel="noopener"
                target="_blank"
              >
                download file
              </a>
            </span>
          </div>
          <div
            class="chart__bar-chart__item__value"
          >
            2,046
          </div>
          <div
            class="chart__bar-chart__item__bar"
            style="width: 23%;"
          />
        </div>
        <div
          class="chart__bar-chart__item"
        >
          <div
            class="chart__bar-chart__item__label"
          >
            <span
              class="name"
            >
              <a
                class="top-download-page"
                href="http://voluminous-kale.name"
                rel="noopener"
                target="_blank"
              >
                empower global infrastructures
              </a>
            </span>
             
            <span
              class="domain"
            >
              voluminous-kale.name
            </span>
             
            <span
              class="divider"
            >
              /
            </span>
             
            <span
              class="filename"
            >
              <a
                aria-label="time_hiss_solidly.ogg"
                class="top-download-file"
                href="https://voluminous-kale.nametime_hiss_solidly.ogg"
                rel="noopener"
                target="_blank"
              >
                download file
              </a>
            </span>
          </div>
          <div
            class="chart__bar-chart__item__value"
          >
            927
          </div>
          <div
            class="chart__bar-chart__item__bar"
            style="width: 11%;"
          />
        </div>
        <div
          class="chart__bar-chart__item"
        >
          <div
            class="chart__bar-chart__item__label"
          >
            <span
              class="name"
            >
              <a
                class="top-download-page"
                href="http://black-and-white-plant.com"
                rel="noopener"
                target="_blank"
              >
                brand revolutionary paradigms
              </a>
            </span>
             
            <span
              class="domain"
            >
              black-and-white-plant.com
            </span>
             
            <span
              class="divider"
            >
              /
            </span>
             
            <span
              class="filename"
            >
              <a
                aria-label="brown_prostanoid.css"
                class="top-download-file"
                href="https://black-and-white-plant.combrown_prostanoid.css"
                rel="noopener"
                target="_blank"
              >
                download file
              </a>
            </span>
          </div>
          <div
            class="chart__bar-chart__item__value"
          >
            1,426
          </div>
          <div
            class="chart__bar-chart__item__bar"
            style="width: 16%;"
          />
        </div>
        <div
          class="chart__bar-chart__item"
        >
          <div
            class="chart__bar-chart__item__label"
          >
            <span
              class="name"
            >
              <a
                class="top-download-page"
                href="http://biodegradable-consent.org"
                rel="noopener"
                target="_blank"
              >
                utilize best-of-breed users
              </a>
            </span>
             
            <span
              class="domain"
            >
              biodegradable-consent.org
            </span>
             
            <span
              class="divider"
            >
              /
            </span>
             
            <span
              class="filename"
            >
              <a
                aria-label="um_punt_ugh.vsw"
                class="top-download-file"
                href="https://biodegradable-consent.orgum_punt_ugh.vsw"
                rel="noopener"
                target="_blank"
              >
                download file
              </a>
            </span>
          </div>
          <div
            class="chart__bar-chart__item__value"
          >
            3,912
          </div>
          <div
            class="chart__bar-chart__item__bar"
            style="width: 43%;"
          />
        </div>
      </div>
    </figure>
  </section>
  <section
    class="top-video-plays"
  >
    <div
      class="top-video-plays__headline"
    >
      <h3>
        Top Video Plays Last Week
      </h3>
    </div>
    <h4>
      <em>
        Video play data is unavailable for NASA hostnames.
      </em>
    </h4>
    <div />
  </section>
</DocumentFragment>
`;

exports[`TopDownloadsAndVideoPlays when data is not loaded renders a component in loading state 1`] = `
<DocumentFragment>
  <section
    class="top-downloads"
  >
    <div
      class="top-downloads__headline"
    >
      <h3>
        <a
          href="/definitions#report_yesterday_top_downloads"
        >
          Top 20 Downloads Last Week
        </a>
      </h3>
    </div>
    <h4>
      <em>
        Top file downloads over the last week on NASA hostnames.
      </em>
    </h4>
    <figure
      class="top-downloads__bar-chart"
    >
      <div
        class="data chart__bar-chart"
      />
    </figure>
  </section>
  <section
    class="top-video-plays"
  >
    <div
      class="top-video-plays__headline"
    >
      <h3>
        Top Video Plays Last Week
      </h3>
    </div>
    <h4>
      <em>
        Video play data is unavailable for NASA hostnames.
      </em>
    </h4>
    <div />
  </section>
</DocumentFragment>
`;

exports[`TopDownloadsAndVideoPlays when data loading has an error renders a component in error state 1`] = `
<DocumentFragment>
  <section
    class="top-downloads"
  >
    <div
      class="top-downloads__headline"
    >
      <h3>
        <a
          href="/definitions#report_yesterday_top_downloads"
        >
          Top 20 Downloads Last Week
        </a>
      </h3>
    </div>
    <h4>
      <em>
        Top file downloads over the last week on NASA hostnames.
      </em>
    </h4>
    <figure
      class="top-downloads__bar-chart"
    >
      <div
        class="data chart__bar-chart"
      />
    </figure>
  </section>
  <section
    class="top-video-plays"
  >
    <div
      class="top-video-plays__headline"
    >
      <h3>
        Top Video Plays Last Week
      </h3>
    </div>
    <h4>
      <em>
        Video play data is unavailable for NASA hostnames.
      </em>
    </h4>
    <div />
  </section>
</DocumentFragment>
`;
