// Jest Snapshot v1, https://goo.gl/fbAQLP

exports[`TopPagesRealtime when data is loaded renders a component with data loaded 1`] = `
<DocumentFragment>
  <figure>
    <div
      class="data chart__bar-chart text--capitalize margin-top-1"
    >
      <div
        class="chart__bar-chart__item margin-bottom-2"
      >
        <div
          class="chart__bar-chart__item__label dark-gray text--overflow-ellipsis margin-right-8"
        >
          deploy virtual synergies
        </div>
        <div
          class="chart__bar-chart__item__value"
        >
          20,914
        </div>
        <div
          class="chart__bar-chart__item__bar bg-palette-color-5 margin-top-0"
          style="width: 32%;"
        />
      </div>
      <div
        class="chart__bar-chart__item margin-bottom-2"
      >
        <div
          class="chart__bar-chart__item__label dark-gray text--overflow-ellipsis margin-right-8"
        >
          leverage back-end paradigms
        </div>
        <div
          class="chart__bar-chart__item__value"
        >
          66,892
        </div>
        <div
          class="chart__bar-chart__item__bar bg-palette-color-5 margin-top-0"
          style="width: 100%;"
        />
      </div>
      <div
        class="chart__bar-chart__item margin-bottom-2"
      >
        <div
          class="chart__bar-chart__item__label dark-gray text--overflow-ellipsis margin-right-8"
        >
          orchestrate efficient applications
        </div>
        <div
          class="chart__bar-chart__item__value"
        >
          46,661
        </div>
        <div
          class="chart__bar-chart__item__bar bg-palette-color-5 margin-top-0"
          style="width: 70%;"
        />
      </div>
      <div
        class="chart__bar-chart__item margin-bottom-2"
      >
        <div
          class="chart__bar-chart__item__label dark-gray text--overflow-ellipsis margin-right-8"
        >
          mesh frictionless networks
        </div>
        <div
          class="chart__bar-chart__item__value"
        >
          15,458
        </div>
        <div
          class="chart__bar-chart__item__bar bg-palette-color-5 margin-top-0"
          style="width: 24%;"
        />
      </div>
      <div
        class="chart__bar-chart__item margin-bottom-2"
      >
        <div
          class="chart__bar-chart__item__label dark-gray text--overflow-ellipsis margin-right-8"
        >
          engineer world-class networks
        </div>
        <div
          class="chart__bar-chart__item__value"
        >
          58,812
        </div>
        <div
          class="chart__bar-chart__item__bar bg-palette-color-5 margin-top-0"
          style="width: 88%;"
        />
      </div>
      <div
        class="chart__bar-chart__item margin-bottom-2"
      >
        <div
          class="chart__bar-chart__item__label dark-gray text--overflow-ellipsis margin-right-8"
        >
          envisioneer cross-platform web services
        </div>
        <div
          class="chart__bar-chart__item__value"
        >
          4,859
        </div>
        <div
          class="chart__bar-chart__item__bar bg-palette-color-5 margin-top-0"
          style="width: 8%;"
        />
      </div>
      <div
        class="chart__bar-chart__item margin-bottom-2"
      >
        <div
          class="chart__bar-chart__item__label dark-gray text--overflow-ellipsis margin-right-8"
        >
          syndicate vertical technologies
        </div>
        <div
          class="chart__bar-chart__item__value"
        >
          19,428
        </div>
        <div
          class="chart__bar-chart__item__bar bg-palette-color-5 margin-top-0"
          style="width: 30%;"
        />
      </div>
      <div
        class="chart__bar-chart__item margin-bottom-2"
      >
        <div
          class="chart__bar-chart__item__label dark-gray text--overflow-ellipsis margin-right-8"
        >
          enable viral interfaces
        </div>
        <div
          class="chart__bar-chart__item__value"
        >
          37,616
        </div>
        <div
          class="chart__bar-chart__item__bar bg-palette-color-5 margin-top-0"
          style="width: 57%;"
        />
      </div>
      <div
        class="chart__bar-chart__item margin-bottom-2"
      >
        <div
          class="chart__bar-chart__item__label dark-gray text--overflow-ellipsis margin-right-8"
        >
          expedite out-of-the-box blockchains
        </div>
        <div
          class="chart__bar-chart__item__value"
        >
          46,010
        </div>
        <div
          class="chart__bar-chart__item__bar bg-palette-color-5 margin-top-0"
          style="width: 69%;"
        />
      </div>
      <div
        class="chart__bar-chart__item margin-bottom-2"
      >
        <div
          class="chart__bar-chart__item__label dark-gray text--overflow-ellipsis margin-right-8"
        >
          architect visionary paradigms
        </div>
        <div
          class="chart__bar-chart__item__value"
        >
          47,373
        </div>
        <div
          class="chart__bar-chart__item__bar bg-palette-color-5 margin-top-0"
          style="width: 71%;"
        />
      </div>
    </div>
  </figure>
</DocumentFragment>
`;

exports[`TopPagesRealtime when data is not loaded renders a component in loading state 1`] = `
<DocumentFragment>
  <figure>
    <div
      class="data chart__bar-chart text--capitalize margin-top-1"
    />
  </figure>
</DocumentFragment>
`;

exports[`TopPagesRealtime when data loading has an error renders a component in error state 1`] = `
<DocumentFragment>
  <figure>
    <div
      class="data chart__bar-chart text--capitalize margin-top-1"
    />
  </figure>
</DocumentFragment>
`;
