// Jest Snapshot v1, https://goo.gl/fbAQLP

exports[`TrafficSources renders 1`] = `
<DocumentFragment>
  <div
    class="padding-top-1 grid-row"
  >
    <div
      class="desktop:grid-col-6 desktop:padding-right-2"
      id="session_channel_groups"
    >
      <div
        class="chart__title"
      >
        <a
          href="/definitions#dimension_default_channel_group"
        >
          <span
            class="usa-tooltip"
          >
            <span
              aria-describedby="tooltip-550000"
              class="usa-tooltip__trigger"
              data-position="top"
              tabindex="0"
            >
              Top Channels
            </span>
            <span
              aria-hidden="true"
              class="usa-tooltip__body"
              id="tooltip-550000"
              role="tooltip"
            >
              Channel groupings are rule-based definitions of your traffic sources.
            </span>
          </span>
        </a>
      </div>
      <div
        class="text--capitalize"
      >
        <figure
          id="chart_session_default_channel_group"
        >
          <div
            class="data chart__bar-chart margin-top-4"
          />
        </figure>
      </div>
    </div>
    <div
      class="desktop:grid-col-6 desktop:padding-left-2"
      id="session_source_mediums"
    >
      <div
        class="chart__title"
      >
        <a
          href="/definitions#dimension_source_medium"
        >
          <span
            class="usa-tooltip"
          >
            <span
              aria-describedby="tooltip-550000"
              class="usa-tooltip__trigger"
              data-position="top"
              tabindex="0"
            >
              Top Sources/Media
            </span>
            <span
              aria-hidden="true"
              class="usa-tooltip__body"
              id="tooltip-550000"
              role="tooltip"
            >
              A source is a representation of the publisher or inventory source from which traffic originated. A medium is a method for acquiring users to websites or applications.
            </span>
          </span>
        </a>
      </div>
      <div
        class="text--capitalize"
      >
        <figure
          id="chart_session_source_medium"
        >
          <div
            class="data chart__bar-chart margin-top-4"
          />
        </figure>
      </div>
    </div>
  </div>
</DocumentFragment>
`;
