// Jest Snapshot v1, https://goo.gl/fbAQLP

exports[`UserEngagement renders 1`] = `
<DocumentFragment>
  <div
    class="grid-row padding-top-3"
  >
    <div
      class="desktop:grid-col-6 text--centered"
      id="average_engagement_time"
    >
      <a
        class="chart__title"
        href="/definitions#report_historical_average_engagement_time"
      >
        Average Engagement Time Per Session
      </a>
      <div>
        <div
          class="data chart__rate padding-top-05"
        />
      </div>
    </div>
    <div
      class="desktop:grid-col-6 text--centered"
      id="engagement_rate"
    >
      <a
        class="chart__title"
        href="/definitions#report_historical_engagement_rate"
      >
        Percent of Engaged Sessions
      </a>
      <div>
        <div
          class="data chart__rate padding-top-05"
        />
      </div>
    </div>
  </div>
  <div
    class="grid-row"
  >
    <div
      class="grid-col-12"
    >
      <div
        class="padding-top-3 grid-row"
      >
        <div
          class="desktop:grid-col-6"
          id="file_extension_downloads"
        >
          <div
            class="text--centered"
          >
            <div
              class="chart__title"
            >
              <a
                href="/definitions#dimension_file_download"
              >
                Total File Downloads
              </a>
            </div>
            <div>
              <div
                class="data chart__rate padding-top-05"
              >
                ...
              </div>
            </div>
          </div>
          <div
            class="padding-top-3"
          >
            <div
              class="chart__title"
            >
              <a
                href="/definitions#dimension_file_extension"
              >
                Downloads by File Extension
              </a>
            </div>
            <figure
              id="chart_file_extension"
            >
              <div
                class="data chart__bar-chart"
              />
            </figure>
          </div>
        </div>
        <div
          class="desktop:grid-col-6 text--centered"
          id="file_download_counts"
        >
          <div
            class="chart__title"
          >
            <a
              href="/definitions#dimension_file_download"
            >
              Total Users with File Downloads
            </a>
          </div>
          <div>
            <div
              class="data chart__rate padding-top-05"
            >
              ...
            </div>
          </div>
          <div
            class="padding-top-9"
          >
            <div
              class="grid-row"
            >
              <div
                class="grid-col-6"
              >
                <figure
                  id="pie_chart_user_engagement_downloads"
                />
              </div>
              <div
                class="grid-col-6"
              >
                <div
                  class="chart__pie-chart__key"
                />
              </div>
            </div>
          </div>
        </div>
      </div>
    </div>
  </div>
</DocumentFragment>
`;
