// Jest Snapshot v1, https://goo.gl/fbAQLP

exports[`RealtimeVisitors renders 1`] = `
<section
  className="chart-realtime__visitors-count"
  data-refresh="15"
>
  <div
    className="grid-row"
  >
    <h2
      className="chart-realtime__current-visitors data grid-col-12"
    >
      ...
    </h2>
  </div>
  <div
    className="grid-row"
  >
    <div
      className="chart-realtime__description desktop:grid-col-8 desktop:grid-offset-2"
    >
      people on 
      Department of Defense
       websites and apps in the last 30 minutes
    </div>
  </div>
</section>
`;
