// Jest Snapshot v1, https://goo.gl/fbAQLP

exports[`TopPages renders 1`] = `
<section
  className="top-pages"
>
  <div
    className="top-pages__headline"
  >
    <h2>
      Top 
      <span
        id="top_table_type"
      >
        Web Pages and App Screens
      </span>
    </h2>
  </div>
  <div
    className="react-tabs"
    data-rttabs={true}
    onClick={[Function]}
    onKeyDown={[Function]}
  >
    <ul
      className="usa-button-group usa-button-group--segmented"
      role="tablist"
    >
      <li
        aria-controls="panel:r0:0"
        aria-disabled="false"
        aria-selected="true"
        className="usa-button-group__item react-tabs__tab--selected"
        data-rttab={true}
        id="tab:r0:0"
        role="tab"
        tabIndex="0"
      >
        <button
          className="usa-button"
        >
          30 mins
        </button>
      </li>
      <li
        aria-controls="panel:r0:1"
        aria-disabled="false"
        aria-selected="false"
        className="usa-button-group__item"
        data-rttab={true}
        id="tab:r0:1"
        role="tab"
        tabIndex={null}
      >
        <button
          className="usa-button"
        >
          7 days
        </button>
      </li>
      <li
        aria-controls="panel:r0:2"
        aria-disabled="false"
        aria-selected="false"
        className="usa-button-group__item"
        data-rttab={true}
        id="tab:r0:2"
        role="tab"
        tabIndex={null}
      >
        <button
          className="usa-button"
        >
          30 days
        </button>
      </li>
    </ul>
    <div
      aria-labelledby="tab:r0:0"
      className="react-tabs__tab-panel react-tabs__tab-panel--selected"
      id="panel:r0:0"
      role="tabpanel"
    >
      <p>
        <strong>
          People
        </strong>
         on a
         
        <strong>
          single, specific page or app screen
        </strong>
         in the last 30 minutes. Hostnames are not currently reported in real-time, so only page title and screen name information is available.
      </p>
      <figure
        className="top-pages__realtime"
        data-refresh="15"
        data-source="http://www.example.com/data//top-pages-realtime.json"
      >
        <div
          className="data bar-chart"
        />
      </figure>
    </div>
    <div
      aria-labelledby="tab:r0:1"
      className="react-tabs__tab-panel"
      id="panel:r0:1"
      role="tabpanel"
    />
    <div
      aria-labelledby="tab:r0:2"
      className="react-tabs__tab-panel"
      id="panel:r0:2"
      role="tabpanel"
    />
  </div>
</section>
`;
