// Jest Snapshot v1, https://goo.gl/fbAQLP

exports[`Footer renders 1`] = `
[
  <footer
    id="analytics-footer"
  >
    <section
      className="grid-row usa-prose"
      id="explanation"
    >
      <div
        className="tablet:grid-col-8 padding-2"
      >
        <h3>
          About this Site
        </h3>
        <p>
          These data provide a window into how people are interacting with the government online. The data come from a unified Google Analytics account for U.S. federal government agencies known as the
           
          <a
            className="external-link"
            href="https://digital.gov/guides/dap/"
          >
            Digital Analytics Program
          </a>
          . This program helps government agencies understand how people find, access, and use government services online. The program does not track individuals and anonymizes the IP addresses of visitors.
        </p>
        <p>
          Not every government website is represented in these data. Currently, the Digital Analytics Program collects web traffic from more than 500 federal government second level domains, across approximately 7000 total hostnames, including every executive branch cabinet department. We continue to pursue and add more sites frequently; to add your site,
           
          <a
            className="external-link"
            href="mailto:dap@gsa.gov"
          >
            email the Digital Analytics Program
          </a>
          .
        </p>
      </div>
      <div
        className="tablet:grid-col-4 padding-2 margin-0"
      >
        <h3>
          Download the data
        </h3>
        <p>
          You can 
          <a
            href="http://www.example.com/data"
          >
            download the data here.
          </a>
           
          Available in JSON and CSV format.
        </p>
        <p>
          Additionally, you can access data via
           
          <a
            href="https://open.gsa.gov/api/dap/"
            rel="noopener noreferrer"
            target="_blank"
          >
            API
          </a>
           
          (currently in Beta).
        </p>
        <h3>
          A note on sampling
        </h3>
        <p>
          Due to varying GA4 sampling thresholds, high data cardinality, and the volume of DAP data across its sub-properties, real-time and historical data reports are subject to sampling. These data are intended to represent high-level trends only and provide general insights into online visitor behavior.
        </p>
      </div>
    </section>
    <div
      className="github-section"
    >
      <div
        className="github-section__body grid-container-desktop"
      >
        <div
          className="grid-row"
        >
          <div
            className="tablet:grid-col-6"
          >
            <p>
              Have a question or problem?
               
              <a
                href="mailto:dap@gsa.gov"
              >
                Get in touch
              </a>
              .
            </p>
            <a
              className="usa-button usa-button-secondary-inverse margin-y-2"
              href="https://github.com/18F/analytics.usa.gov/issues"
            >
              <img
                alt="Github Icon"
                className="github-icon"
                src="http://www.example.com/images/github-logo-white.svg"
              />
               
              Suggest a feature or report an issue
            </a>
          </div>
          <div
            className="tablet:grid-col-6"
          >
            <p
              className=""
            >
              <a
                href="https://github.com/18F/analytics.usa.gov"
              >
                <img
                  alt="Github Icon"
                  className="github-icon"
                  src="http://www.example.com/images/github-logo.svg"
                />
                 
                View application code on GitHub
              </a>
            </p>
            <p
              className="margin-y-2"
            >
              <a
                href="https://github.com/18F/analytics-reporter"
              >
                <img
                  alt="Github Icon"
                  className="github-icon"
                  src="http://www.example.com/images/github-logo.svg"
                />
                 
                View code for the data on GitHub
              </a>
            </p>
          </div>
        </div>
      </div>
    </div>
  </footer>,
  <div
    className="usa-identifier"
  >
    <section
      aria-label="Agency identifier,"
      className="usa-identifier__section usa-identifier__section--masthead"
    >
      <div
        className="usa-identifier__container"
      >
        <div
          className="usa-identifier__logos"
        >
          <a
            className="usa-identifier__logo"
            href="/"
          >
            <img
              alt="GSA logo"
              className="usa-identifier__logo-img"
              src="http://www.example.com/images/gsa-logo.svg"
            />
          </a>
        </div>
        <section
          aria-label="Agency description,"
          className="usa-identifier__identity"
        >
          <p
            className="usa-identifier__identity-domain"
          >
            analytics.usa.gov
          </p>
          <p
            className="usa-identifier__identity-disclaimer"
          >
            Analytics.usa.gov is a product of GSA's
             
            <a
              href="https://digital.gov/guides/dap/"
            >
              Digital Analytics Program
            </a>
            .
          </p>
        </section>
      </div>
    </section>
    <nav
      aria-label="Important links,"
      className="usa-identifier__section usa-identifier__section--required-links"
    >
      <div
        className="usa-identifier__container"
      >
        <ul
          className="usa-identifier__required-links-list"
        >
          <li
            className="usa-identifier__required-links-item"
          >
            <a
              className="usa-identifier__required-link usa-link"
              href="https://www.gsa.gov/about-us"
            >
              About GSA
            </a>
          </li>
          <li
            className="usa-identifier__required-links-item"
          >
            <a
              className="usa-identifier__required-link usa-link"
              href="https://www.gsa.gov/website-information/accessibility-statement"
            >
              Accessibility statement
            </a>
          </li>
          <li
            className="usa-identifier__required-links-item"
          >
            <a
              className="usa-identifier__required-link usa-link"
              href="https://www.gsa.gov/reference/freedom-of-information-act-foia"
            >
              FOIA requests
            </a>
          </li>
          <li
            className="usa-identifier__required-links-item"
          >
            <a
              className="usa-identifier__required-link usa-link"
              href="https://www.gsa.gov/reference/civil-rights-programs/the-no-fear-act"
            >
              No FEAR Act data
            </a>
          </li>
          <li
            className="usa-identifier__required-links-item"
          >
            <a
              className="usa-identifier__required-link usa-link"
              href="https://www.gsaig.gov/"
            >
              Office of the Inspector General
            </a>
          </li>
          <li
            className="usa-identifier__required-links-item"
          >
            <a
              className="usa-identifier__required-link usa-link"
              href="https://www.gsa.gov/reference/reports/budget-performance"
            >
              Performance reports
            </a>
          </li>
          <li
            className="usa-identifier__required-links-item"
          >
            <a
              className="usa-identifier__required-link usa-link"
              href="https://www.gsa.gov/website-information/website-policies"
            >
              Privacy policy
            </a>
          </li>
        </ul>
      </div>
    </nav>
    <section
      aria-label="U.S. government information and services,"
      className="usa-identifier__section usa-identifier__section--usagov"
    >
      <div
        className="usa-identifier__container"
      >
        <div
          className="usa-identifier__usagov-description"
        >
          Looking for U.S. government information and services?
        </div>
         
        <a
          className="usa-link"
          href="https://www.usa.gov/"
        >
          Visit USA.gov
        </a>
      </div>
    </section>
  </div>,
]
`;
